Archive member included to satisfy reference by file (symbol)

/opt/bolos/gcc-arm-none-eabi-5_3-2016q1/bin/../lib/gcc/arm-none-eabi/5.3.1/armv6-m/libgcc.a(_udivsi3.o)
                              obj/base32.o (__aeabi_uidiv)
/opt/bolos/gcc-arm-none-eabi-5_3-2016q1/bin/../lib/gcc/arm-none-eabi/5.3.1/armv6-m/libgcc.a(_dvmd_tls.o)
                              /opt/bolos/gcc-arm-none-eabi-5_3-2016q1/bin/../lib/gcc/arm-none-eabi/5.3.1/armv6-m/libgcc.a(_udivsi3.o) (__aeabi_idiv0)
/opt/bolos/gcc-arm-none-eabi-5_3-2016q1/bin/../lib/gcc/arm-none-eabi/5.3.1/armv6-m/libgcc.a(_aeabi_uldivmod.o)
                              obj/harmony.o (__aeabi_uldivmod)
/opt/bolos/gcc-arm-none-eabi-5_3-2016q1/bin/../lib/gcc/arm-none-eabi/5.3.1/armv6-m/libgcc.a(_muldi3.o)
                              obj/uint256.o (__aeabi_lmul)
/opt/bolos/gcc-arm-none-eabi-5_3-2016q1/bin/../lib/gcc/arm-none-eabi/5.3.1/armv6-m/libgcc.a(_udivmoddi4.o)
                              /opt/bolos/gcc-arm-none-eabi-5_3-2016q1/bin/../lib/gcc/arm-none-eabi/5.3.1/armv6-m/libgcc.a(_aeabi_uldivmod.o) (__udivmoddi4)
/opt/bolos/gcc-arm-none-eabi-5_3-2016q1/bin/../lib/gcc/arm-none-eabi/5.3.1/armv6-m/libgcc.a(_clzdi2.o)
                              /opt/bolos/gcc-arm-none-eabi-5_3-2016q1/bin/../lib/gcc/arm-none-eabi/5.3.1/armv6-m/libgcc.a(_udivmoddi4.o) (__clzdi2)
/opt/bolos/gcc-arm-none-eabi-5_3-2016q1/bin/../lib/gcc/arm-none-eabi/5.3.1/armv6-m/libgcc.a(_clzsi2.o)
                              /opt/bolos/gcc-arm-none-eabi-5_3-2016q1/bin/../lib/gcc/arm-none-eabi/5.3.1/armv6-m/libgcc.a(_clzdi2.o) (__clzsi2)
/opt/bolos/gcc-arm-none-eabi-5_3-2016q1/bin/../lib/gcc/arm-none-eabi/5.3.1/../../../../arm-none-eabi/lib/armv6-m/libc.a(lib_a-aeabi_memclr.o)
                              obj/os.o (__aeabi_memclr)
/opt/bolos/gcc-arm-none-eabi-5_3-2016q1/bin/../lib/gcc/arm-none-eabi/5.3.1/../../../../arm-none-eabi/lib/armv6-m/libc.a(lib_a-aeabi_memset.o)
                              obj/os.o (__aeabi_memset)
/opt/bolos/gcc-arm-none-eabi-5_3-2016q1/bin/../lib/gcc/arm-none-eabi/5.3.1/../../../../arm-none-eabi/lib/armv6-m/libc.a(lib_a-memset.o)
                              /opt/bolos/gcc-arm-none-eabi-5_3-2016q1/bin/../lib/gcc/arm-none-eabi/5.3.1/../../../../arm-none-eabi/lib/armv6-m/libc.a(lib_a-aeabi_memset.o) (memset)
/opt/bolos/gcc-arm-none-eabi-5_3-2016q1/bin/../lib/gcc/arm-none-eabi/5.3.1/../../../../arm-none-eabi/lib/armv6-m/libc.a(lib_a-setjmp.o)
                              obj/main.o (setjmp)
/opt/bolos/gcc-arm-none-eabi-5_3-2016q1/bin/../lib/gcc/arm-none-eabi/5.3.1/../../../../arm-none-eabi/lib/armv6-m/libc.a(lib_a-strlen-stub.o)
                              obj/bech32.o (strlen)

Discarded input sections

 .text          0x00000000        0x0 obj/base32.o
 .text          0x00000000        0x0 obj/bech32.o
 .text          0x00000000        0x0 obj/cx_compliance_141.o
 .debug_str     0x00000000       0x6d obj/cx_compliance_141.o
 .debug_loc     0x00000000        0x0 obj/cx_compliance_141.o
 .debug_abbrev  0x00000000       0x10 obj/cx_compliance_141.o
 .debug_info    0x00000000       0x1e obj/cx_compliance_141.o
 .debug_ranges  0x00000000        0x0 obj/cx_compliance_141.o
 .debug_macinfo
                0x00000000        0x1 obj/cx_compliance_141.o
 .comment       0x00000000       0x2e obj/cx_compliance_141.o
 .note.GNU-stack
                0x00000000        0x0 obj/cx_compliance_141.o
 .ARM.attributes
                0x00000000       0x3f obj/cx_compliance_141.o
 .debug_line    0x00000000       0x1d obj/cx_compliance_141.o
 .text          0x00000000        0x0 obj/getPublicKey.o
 .text          0x00000000        0x0 obj/getTxnSig.o
 .text          0x00000000        0x0 obj/getVersion.o
 .text          0x00000000        0x0 obj/glyphs.o
 .text          0x00000000        0x0 obj/harmony.o
 .text.extractPubkeyBytes
                0x00000000        0xc obj/harmony.o
 .ARM.exidx.text.extractPubkeyBytes
                0x00000000        0x8 obj/harmony.o
 .text.bin2hex  0x00000000       0x80 obj/harmony.o
 .ARM.exidx.text.bin2hex
                0x00000000        0x8 obj/harmony.o
 .text          0x00000000        0x0 obj/main.o
 .text          0x00000000        0x0 obj/os.o
 .text.os_xor   0x00000000       0x38 obj/os.o
 .ARM.exidx.text.os_xor
                0x00000000        0x8 obj/os.o
 .text.os_secure_memcmp
                0x00000000       0x34 obj/os.o
 .ARM.exidx.text.os_secure_memcmp
                0x00000000        0x8 obj/os.o
 .text.os_parse_bertlv
                0x00000000      0x1f4 obj/os.o
 .ARM.exidx.text.os_parse_bertlv
                0x00000000        0x8 obj/os.o
 .text          0x00000000        0x0 obj/os_io_seproxyhal.o
 .text.io_seproxyhal_request_mcu_status
                0x00000000       0x1c obj/os_io_seproxyhal.o
 .ARM.exidx.text.io_seproxyhal_request_mcu_status
                0x00000000        0x8 obj/os_io_seproxyhal.o
 .text.io_seproxyhal_handle_bluenrg_event
                0x00000000        0x2 obj/os_io_seproxyhal.o
[...]
Memory Configuration

Name             Origin             Length             Attributes
DISCARD          0xd0000000         0x00100000         xrw
FLASH            0xc0d00000         0x00064000         xr
SRAM             0x20001800         0x00001000         xrw
*default*        0x00000000         0xffffffff

Linker script and memory map

LOAD obj/base32.o
LOAD obj/bech32.o
LOAD obj/cx_compliance_141.o
LOAD obj/getPublicKey.o
LOAD obj/getTxnSig.o
LOAD obj/getVersion.o
LOAD obj/glyphs.o
LOAD obj/harmony.o
LOAD obj/main.o
LOAD obj/os.o
LOAD obj/os_io_seproxyhal.o
LOAD obj/os_printf.o
LOAD obj/pic.o
LOAD obj/pic_internal.o
LOAD obj/rlp.o
LOAD obj/syscalls.o
LOAD obj/tcr.o
LOAD obj/u2f_impl.o
LOAD obj/u2f_io.o
LOAD obj/uint256.o
LOAD obj/usbd_ccid_cmd.o
LOAD obj/usbd_ccid_core.o
LOAD obj/usbd_ccid_if.o
LOAD obj/usbd_conf.o
LOAD obj/usbd_core.o
LOAD obj/usbd_ctlreq.o
LOAD obj/usbd_hid.o
LOAD obj/usbd_impl.o
LOAD obj/usbd_ioreq.o
LOAD /opt/bolos/gcc-arm-none-eabi-5_3-2016q1/bin/../lib/gcc/arm-none-eabi/5.3.1/../../../../arm-none-eabi/lib/armv6-m/libm.a
LOAD /opt/bolos/gcc-arm-none-eabi-5_3-2016q1/bin/../lib/gcc/arm-none-eabi/5.3.1/armv6-m/libgcc.a
LOAD /opt/bolos/gcc-arm-none-eabi-5_3-2016q1/bin/../lib/gcc/arm-none-eabi/5.3.1/../../../../arm-none-eabi/lib/armv6-m/libc.a
START GROUP
LOAD /opt/bolos/gcc-arm-none-eabi-5_3-2016q1/bin/../lib/gcc/arm-none-eabi/5.3.1/armv6-m/libgcc.a
LOAD /opt/bolos/gcc-arm-none-eabi-5_3-2016q1/bin/../lib/gcc/arm-none-eabi/5.3.1/../../../../arm-none-eabi/lib/armv6-m/libg.a
LOAD /opt/bolos/gcc-arm-none-eabi-5_3-2016q1/bin/../lib/gcc/arm-none-eabi/5.3.1/../../../../arm-none-eabi/lib/armv6-m/libc.a
END GROUP
                0x00000040                PAGE_SIZE = 0x40
                0x00000200                STACK_SIZE = 0x200
                0x20002800                END_STACK = (ORIGIN (SRAM) + LENGTH (SRAM))

.text           0xc0d00000     0x5d40
                0xc0d00000                _text = .
                0xc0d00000                _nvram = .
                [!provide]                PROVIDE (_setjmp, setjmp)
 *(.boot*)
 .boot          0xc0d00000       0x58 obj/main.o
                0xc0d00000                main
 *(.text*)
 .text.base32_encode
                0xc0d00058       0x3c obj/base32.o
                0xc0d00058                base32_encode
 .text.base32_encode_raw
                0xc0d00094       0x7c obj/base32.o
                0xc0d00094                base32_encode_raw
 .text.base32_get_char
                0xc0d00110       0x18 obj/base32.o
                0xc0d00110                base32_get_char
 .text.base32_get_raw
                0xc0d00128       0x24 obj/base32.o
                0xc0d00128                base32_get_raw
 .text.bech32_get_address
                0xc0d0014c      0x1b0 obj/bech32.o
                0xc0d0014c                bech32_get_address
 .text.handleGetPublicKey
                0xc0d002fc       0xf0 obj/getPublicKey.o
                0xc0d002fc                handleGetPublicKey
 .text.ui_getPublicKey_approve_button
                0xc0d003ec      0x128 obj/getPublicKey.o
 .text.ui_getPublicKey_compare_button
                0xc0d00514      0x13c obj/getPublicKey.o
 .text.ui_prepro_getPublicKey_compare
                0xc0d00650       0x28 obj/getPublicKey.o
 .text.handleSignTx
                0xc0d00678      0x128 obj/getTxnSig.o
                0xc0d00678                handleSignTx
 .text.ui_signTx_approve_button
                0xc0d007a0      0x108 obj/getTxnSig.o
 .text.ui_address_compare_button
                0xc0d008a8      0x36c obj/getTxnSig.o
 .text.ui_prepro_address_compare
                0xc0d00c14       0x28 obj/getTxnSig.o
 .text.ui_amount_compare_large_button
                0xc0d00c3c      0x22c obj/getTxnSig.o
 .text.ui_prepro_amount_compare
                0xc0d00e68       0x30 obj/getTxnSig.o
 .text.ui_amount_compare_button
                0xc0d00e98       0xf0 obj/getTxnSig.o
 .text.ui_fromshard_approve_button
                0xc0d00f88       0xc0 obj/getTxnSig.o
 .text.ui_toshard_approve_button
                0xc0d01048       0x74 obj/getTxnSig.o
 .text.handleGetVersion
                0xc0d010bc       0x1c obj/getVersion.o
                0xc0d010bc                handleGetVersion
 .text.deriveOneKeypair
                0xc0d010d8       0x9c obj/harmony.o
                0xc0d010d8                deriveOneKeypair
 .text.convert_signature_to_RSV
                0xc0d01174       0x2c obj/harmony.o
                0xc0d01174                convert_signature_to_RSV
 .text.deriveAndSign
                0xc0d011a0       0x5c obj/harmony.o
                0xc0d011a0                deriveAndSign
 .text.getEthAddressFromKey
                0xc0d011fc       0x3c obj/harmony.o
                0xc0d011fc                getEthAddressFromKey
 .text.pubkeyToOneAddress
                0xc0d01238       0x1e obj/harmony.o
                0xc0d01238                pubkeyToOneAddress
 .text.bin2dec  0xc0d01256       0x7a obj/harmony.o
                0xc0d01256                bin2dec
 .text.ui_idle  0xc0d012d0       0x14 obj/main.o
                0xc0d012d0                ui_idle
 .text.io_exchange_with_code
                0xc0d012e4       0x20 obj/main.o
                0xc0d012e4                io_exchange_with_code
 .text.io_seproxyhal_display
                0xc0d01304        0x8 obj/main.o
                0xc0d01304                io_seproxyhal_display
 .text.io_event
                0xc0d0130c      0x5f4 obj/main.o
                0xc0d0130c                io_event
 .text.io_exchange_al
                0xc0d01900       0x44 obj/main.o
                0xc0d01900                io_exchange_al
 .text.one_main
                0xc0d01944      0x11c obj/main.o
 .text.app_exit
                0xc0d01a60       0x48 obj/main.o
 .text.os_boot  0xc0d01aa8        0x6 obj/os.o
                0xc0d01aa8                os_boot
 .text.try_context_set
                0xc0d01aae        0x4 obj/os.o
                0xc0d01aae                try_context_set
 *fill*         0xc0d01ab2        0x2 00
 .text.io_usb_hid_receive
                0xc0d01ab4      0x154 obj/os.o
                0xc0d01ab4                io_usb_hid_receive
 .text.os_memset
                0xc0d01c08       0x12 obj/os.o
                0xc0d01c08                os_memset
 .text.os_memmove
                0xc0d01c1a       0x36 obj/os.o
                0xc0d01c1a                os_memmove
 .text.io_usb_hid_init
                0xc0d01c50        0xc obj/os.o
                0xc0d01c50                io_usb_hid_init
 .text.io_usb_hid_sent
                0xc0d01c5c       0xc4 obj/os.o
                0xc0d01c5c                io_usb_hid_sent
 .text.io_usb_hid_send
                0xc0d01d20       0x34 obj/os.o
                0xc0d01d20                io_usb_hid_send
 .text.os_memcmp
                0xc0d01d54       0x2e obj/os.o
                0xc0d01d54                os_memcmp
 .text.os_longjmp
                0xc0d01d82        0xa obj/os.o
                0xc0d01d82                os_longjmp
 .text.try_context_get
                0xc0d01d8c        0x4 obj/os.o
                0xc0d01d8c                try_context_get
 .text.try_context_get_previous
                0xc0d01d90        0xc obj/os.o
                0xc0d01d90                try_context_get_previous
 .text.io_seproxyhal_general_status
                0xc0d01d9c       0x28 obj/os_io_seproxyhal.o
                0xc0d01d9c                io_seproxyhal_general_status
 .text.io_seproxyhal_handle_usb_event
                0xc0d01dc4       0x7c obj/os_io_seproxyhal.o
                0xc0d01dc4                io_seproxyhal_handle_usb_event
 .text.io_seproxyhal_get_ep_rx_size
                0xc0d01e40       0x10 obj/os_io_seproxyhal.o
                0xc0d01e40                io_seproxyhal_get_ep_rx_size
 .text.io_seproxyhal_handle_usb_ep_xfer_event
                0xc0d01e50       0x68 obj/os_io_seproxyhal.o
                0xc0d01e50                io_seproxyhal_handle_usb_ep_xfer_event
 .text.io_usb_send_ep
                0xc0d01eb8       0x4c obj/os_io_seproxyhal.o
                0xc0d01eb8                io_usb_send_ep
 .text.io_usb_send_apdu_data
                0xc0d01f04       0x10 obj/os_io_seproxyhal.o
                0xc0d01f04                io_usb_send_apdu_data
 .text.io_seproxyhal_handle_capdu_event
                0xc0d01f14       0x50 obj/os_io_seproxyhal.o
                0xc0d01f14                io_seproxyhal_handle_capdu_event
 .text.io_seproxyhal_handle_event
                0xc0d01f64       0x8c obj/os_io_seproxyhal.o
                0xc0d01f64                io_seproxyhal_handle_event
 .text.io_seproxyhal_init
                0xc0d01ff0       0x40 obj/os_io_seproxyhal.o
                0xc0d01ff0                io_seproxyhal_init
 .text.io_seproxyhal_init_ux
                0xc0d02030        0xc obj/os_io_seproxyhal.o
                0xc0d02030                io_seproxyhal_init_ux
 .text.io_seproxyhal_init_button
                0xc0d0203c       0x14 obj/os_io_seproxyhal.o
                0xc0d0203c                io_seproxyhal_init_button
 .text.io_seproxyhal_touch_out
                0xc0d02050       0x46 obj/os_io_seproxyhal.o
                0xc0d02050                io_seproxyhal_touch_out
 .text.io_seproxyhal_touch_over
                0xc0d02096       0x60 obj/os_io_seproxyhal.o
                0xc0d02096                io_seproxyhal_touch_over
 .text.io_seproxyhal_touch_tap
                0xc0d020f6       0x46 obj/os_io_seproxyhal.o
                0xc0d020f6                io_seproxyhal_touch_tap
 .text.io_seproxyhal_touch_element_callback
                0xc0d0213c      0x110 obj/os_io_seproxyhal.o
                0xc0d0213c                io_seproxyhal_touch_element_callback
 .text.io_seproxyhal_display_icon
                0xc0d0224c       0x8c obj/os_io_seproxyhal.o
                0xc0d0224c                io_seproxyhal_display_icon
 .text.io_seproxyhal_display_default
                0xc0d022d8       0x84 obj/os_io_seproxyhal.o
                0xc0d022d8                io_seproxyhal_display_default
 .text.io_seproxyhal_button_push
                0xc0d0235c       0x74 obj/os_io_seproxyhal.o
                0xc0d0235c                io_seproxyhal_button_push
 .text.os_io_seproxyhal_get_app_name_and_version
                0xc0d023d0       0x48 obj/os_io_seproxyhal.o
                0xc0d023d0                os_io_seproxyhal_get_app_name_and_version
 .text.io_exchange
                0xc0d02418      0x1a8 obj/os_io_seproxyhal.o
                0xc0d02418                io_exchange
 .text.ux_menu_element_preprocessor
                0xc0d025c0      0x188 obj/os_io_seproxyhal.o
                0xc0d025c0                ux_menu_element_preprocessor
 .text.ux_menu_elements_button
                0xc0d02748      0x128 obj/os_io_seproxyhal.o
                0xc0d02748                ux_menu_elements_button
 .text.ux_menu_display
                0xc0d02870      0x11c obj/os_io_seproxyhal.o
                0xc0d02870                ux_menu_display
 .text.ux_check_status_default
                0xc0d0298c        0x2 obj/os_io_seproxyhal.o
                0xc0d0298c                ux_check_status
                0xc0d0298c                ux_check_status_default
 *fill*         0xc0d0298e        0x2 00
 .text.pic      0xc0d02990       0x1c obj/pic.o
                0xc0d02990                pic
 .text.pic_internal
                0xc0d029ac       0x10 obj/pic_internal.o
                0xc0d029ac                pic_internal
 .text.rlpCanDecode
                0xc0d029bc       0x5e obj/rlp.o
                0xc0d029bc                rlpCanDecode
 .text.copyTxData
                0xc0d02a1a       0x3c obj/rlp.o
                0xc0d02a1a                copyTxData
 .text.rlpDecodeLength
                0xc0d02a56       0xd2 obj/rlp.o
                0xc0d02a56                rlpDecodeLength
 .text.processTx
                0xc0d02b28      0x33e obj/rlp.o
                0xc0d02b28                processTx
 .text.SVC_Call
                0xc0d02e66        0x4 obj/syscalls.o
                0xc0d02e66                SVC_Call
 *fill*         0xc0d02e6a        0x2 00
 .text.check_api_level
                0xc0d02e6c       0x2c obj/syscalls.o
                0xc0d02e6c                check_api_level
 .text.reset    0xc0d02e98       0x28 obj/syscalls.o
                0xc0d02e98                reset
 .text.cx_rng   0xc0d02ec0       0x30 obj/syscalls.o
                0xc0d02ec0                cx_rng
 .text.cx_hash  0xc0d02ef0       0x38 obj/syscalls.o
                0xc0d02ef0                cx_hash
 .text.cx_keccak_init
                0xc0d02f28       0x30 obj/syscalls.o
                0xc0d02f28                cx_keccak_init
 .text.cx_ecfp_init_public_key
                0xc0d02f58       0x30 obj/syscalls.o
                0xc0d02f58                cx_ecfp_init_public_key
 .text.cx_ecfp_init_private_key
                0xc0d02f88       0x30 obj/syscalls.o
                0xc0d02f88                cx_ecfp_init_private_key
 .text.cx_ecfp_generate_pair
                0xc0d02fb8       0x30 obj/syscalls.o
                0xc0d02fb8                cx_ecfp_generate_pair
 .text.cx_ecdsa_sign
                0xc0d02fe8       0x40 obj/syscalls.o
                0xc0d02fe8                cx_ecdsa_sign
 .text.os_perso_derive_node_bip32
                0xc0d03028       0x30 obj/syscalls.o
                0xc0d03028                os_perso_derive_node_bip32
 .text.os_sched_exit
                0xc0d03058       0x2c obj/syscalls.o
                0xc0d03058                os_sched_exit
 .text.os_ux    0xc0d03084       0x2c obj/syscalls.o
                0xc0d03084                os_ux
 .text.os_flags
                0xc0d030b0       0x2c obj/syscalls.o
                0xc0d030b0                os_flags
 .text.os_registry_get_current_app_tag
                0xc0d030dc       0x30 obj/syscalls.o
                0xc0d030dc                os_registry_get_current_app_tag
 .text.io_seproxyhal_spi_send
                0xc0d0310c       0x2c obj/syscalls.o
                0xc0d0310c                io_seproxyhal_spi_send
 .text.io_seproxyhal_spi_is_status_sent
                0xc0d03138       0x2c obj/syscalls.o
                0xc0d03138                io_seproxyhal_spi_is_status_sent
 .text.io_seproxyhal_spi_recv
                0xc0d03164       0x30 obj/syscalls.o
                0xc0d03164                io_seproxyhal_spi_recv
 .text.readUint64BE
                0xc0d03194       0x2e obj/uint256.o
 .text.readu256BE
                0xc0d031c2       0x34 obj/uint256.o
                0xc0d031c2                readu256BE
 .text.clear256
                0xc0d031f6        0xa obj/uint256.o
                0xc0d031f6                clear256
 .text.shiftl128
                0xc0d03200      0x116 obj/uint256.o
                0xc0d03200                shiftl128
 .text.shiftl256
                0xc0d03316      0x118 obj/uint256.o
                0xc0d03316                shiftl256
 .text.shiftr128
                0xc0d0342e      0x118 obj/uint256.o
                0xc0d0342e                shiftr128
 .text.shiftr256
                0xc0d03546      0x104 obj/uint256.o
                0xc0d03546                shiftr256
 .text.bits256  0xc0d0364a       0x88 obj/uint256.o
                0xc0d0364a                bits256
 .text.gt256    0xc0d036d2       0x96 obj/uint256.o
                0xc0d036d2                gt256
 .text.gte256   0xc0d03768       0x64 obj/uint256.o
                0xc0d03768                gte256
 .text.minus256
                0xc0d037cc      0x1f2 obj/uint256.o
                0xc0d037cc                minus256
 .text.divmod256
                0xc0d039be      0x2ae obj/uint256.o
                0xc0d039be                divmod256
 .text.tostring256
                0xc0d03c6c      0x110 obj/uint256.o
                0xc0d03c6c                tostring256
 .text.USBD_LL_Init
                0xc0d03d7c       0x14 obj/usbd_conf.o
                0xc0d03d7c                USBD_LL_Init
 .text.USBD_LL_DeInit
                0xc0d03d90       0x24 obj/usbd_conf.o
                0xc0d03d90                USBD_LL_DeInit
 .text.USBD_LL_Start
                0xc0d03db4       0x38 obj/usbd_conf.o
                0xc0d03db4                USBD_LL_Start
 .text.USBD_LL_Stop
                0xc0d03dec       0x22 obj/usbd_conf.o
                0xc0d03dec                USBD_LL_Stop
 *fill*         0xc0d03e0e        0x2 00
 .text.USBD_LL_OpenEP
                0xc0d03e10       0x4c obj/usbd_conf.o
                0xc0d03e10                USBD_LL_OpenEP
 .text.USBD_LL_CloseEP
                0xc0d03e5c       0x2c obj/usbd_conf.o
                0xc0d03e5c                USBD_LL_CloseEP
 .text.USBD_LL_StallEP
                0xc0d03e88       0x4c obj/usbd_conf.o
                0xc0d03e88                USBD_LL_StallEP
 .text.USBD_LL_ClearStallEP
                0xc0d03ed4       0x48 obj/usbd_conf.o
                0xc0d03ed4                USBD_LL_ClearStallEP
 .text.USBD_LL_IsStallEP
                0xc0d03f1c       0x24 obj/usbd_conf.o
                0xc0d03f1c                USBD_LL_IsStallEP
 .text.USBD_LL_SetUSBAddress
                0xc0d03f40       0x24 obj/usbd_conf.o
                0xc0d03f40                USBD_LL_SetUSBAddress
 .text.USBD_LL_Transmit
                0xc0d03f64       0x32 obj/usbd_conf.o
                0xc0d03f64                USBD_LL_Transmit
 .text.USBD_LL_PrepareReceive
                0xc0d03f96       0x26 obj/usbd_conf.o
                0xc0d03f96                USBD_LL_PrepareReceive
 .text.USBD_Init
                0xc0d03fbc       0x36 obj/usbd_core.o
                0xc0d03fbc                USBD_Init
 .text.USBD_DeInit
                0xc0d03ff2       0x3e obj/usbd_core.o
                0xc0d03ff2                USBD_DeInit
 .text.USBD_RegisterClassForInterface
                0xc0d04030       0x1a obj/usbd_core.o
                0xc0d04030                USBD_RegisterClassForInterface
 .text.USBD_Start
                0xc0d0404a        0xa obj/usbd_core.o
                0xc0d0404a                USBD_Start
 .text.USBD_SetClassConfig
                0xc0d04054       0x3a obj/usbd_core.o
                0xc0d04054                USBD_SetClassConfig
 .text.USBD_ClrClassConfig
                0xc0d0408e       0x3a obj/usbd_core.o
                0xc0d0408e                USBD_ClrClassConfig
 .text.USBD_LL_SetupStage
                0xc0d040c8       0x5e obj/usbd_core.o
                0xc0d040c8                USBD_LL_SetupStage
 .text.USBD_LL_DataOutStage
                0xc0d04126       0xbe obj/usbd_core.o
                0xc0d04126                USBD_LL_DataOutStage
 .text.USBD_LL_DataInStage
                0xc0d041e4       0xf2 obj/usbd_core.o
                0xc0d041e4                USBD_LL_DataInStage
 .text.USBD_LL_Reset
                0xc0d042d6       0x42 obj/usbd_core.o
                0xc0d042d6                USBD_LL_Reset
 .text.USBD_LL_SetSpeed
                0xc0d04318        0x6 obj/usbd_core.o
                0xc0d04318                USBD_LL_SetSpeed
 .text.USBD_LL_Suspend
                0xc0d0431e        0x4 obj/usbd_core.o
                0xc0d0431e                USBD_LL_Suspend
 .text.USBD_LL_Resume
                0xc0d04322        0x4 obj/usbd_core.o
                0xc0d04322                USBD_LL_Resume
 .text.USBD_LL_SOF
                0xc0d04326       0x3e obj/usbd_core.o
                0xc0d04326                USBD_LL_SOF
 .text.usbd_is_valid_intf
                0xc0d04364       0x1c obj/usbd_ctlreq.o
                0xc0d04364                usbd_is_valid_intf
 .text.USBD_StdDevReq
                0xc0d04380       0x5a obj/usbd_ctlreq.o
                0xc0d04380                USBD_StdDevReq
 .text.USBD_GetDescriptor
                0xc0d043da      0x11a obj/usbd_ctlreq.o
                0xc0d043da                USBD_GetDescriptor
 .text.USBD_SetAddress
                0xc0d044f4       0x4a obj/usbd_ctlreq.o
                0xc0d044f4                USBD_SetAddress
 .text.USBD_SetConfig
                0xc0d0453e       0x6e obj/usbd_ctlreq.o
                0xc0d0453e                USBD_SetConfig
 .text.USBD_GetConfig
                0xc0d045ac       0x2e obj/usbd_ctlreq.o
                0xc0d045ac                USBD_GetConfig
 .text.USBD_GetStatus
                0xc0d045da       0x46 obj/usbd_ctlreq.o
                0xc0d045da                USBD_GetStatus
 .text.USBD_SetFeature
                0xc0d04620       0x3e obj/usbd_ctlreq.o
                0xc0d04620                USBD_SetFeature
 .text.USBD_ClrFeature
                0xc0d0465e       0x54 obj/usbd_ctlreq.o
                0xc0d0465e                USBD_ClrFeature
 .text.USBD_CtlError
                0xc0d046b2       0x14 obj/usbd_ctlreq.o
                0xc0d046b2                USBD_CtlError
 .text.USBD_StdItfReq
                0xc0d046c6       0x4a obj/usbd_ctlreq.o
                0xc0d046c6                USBD_StdItfReq
 .text.USBD_StdEPReq
                0xc0d04710      0x116 obj/usbd_ctlreq.o
                0xc0d04710                USBD_StdEPReq
 .text.USBD_ParseSetupRequest
                0xc0d04826       0x28 obj/usbd_ctlreq.o
                0xc0d04826                USBD_ParseSetupRequest
 .text.USBD_HID_Setup
                0xc0d0484e       0x98 obj/usbd_hid.o
                0xc0d0484e                USBD_HID_Setup
 .text.USBD_HID_Init
                0xc0d048e6       0x32 obj/usbd_hid.o
                0xc0d048e6                USBD_HID_Init
 .text.USBD_HID_DeInit
                0xc0d04918       0x16 obj/usbd_hid.o
                0xc0d04918                USBD_HID_DeInit
 *fill*         0xc0d0492e        0x2 00
 .text.USBD_HID_GetHidDescriptor_impl
                0xc0d04930       0x28 obj/usbd_impl.o
                0xc0d04930                USBD_HID_GetHidDescriptor_impl
 .text.USBD_HID_GetReportDescriptor_impl
                0xc0d04958       0x28 obj/usbd_impl.o
                0xc0d04958                USBD_HID_GetReportDescriptor_impl
 .text.USBD_HID_DataIn_impl
                0xc0d04980       0x18 obj/usbd_impl.o
                0xc0d04980                USBD_HID_DataIn_impl
 .text.USBD_HID_DataOut_impl
                0xc0d04998       0x58 obj/usbd_impl.o
                0xc0d04998                USBD_HID_DataOut_impl
 .text.USBD_DeviceDescriptor
                0xc0d049f0       0x10 obj/usbd_impl.o
 .text.USBD_LangIDStrDescriptor
                0xc0d04a00       0x10 obj/usbd_impl.o
 .text.USBD_ManufacturerStrDescriptor
                0xc0d04a10       0x10 obj/usbd_impl.o
 .text.USBD_ProductStrDescriptor
                0xc0d04a20       0x10 obj/usbd_impl.o
 .text.USBD_SerialStrDescriptor
                0xc0d04a30       0x10 obj/usbd_impl.o
 .text.USBD_ConfigStrDescriptor
                0xc0d04a40       0x10 obj/usbd_impl.o
 .text.USBD_InterfaceStrDescriptor
                0xc0d04a50       0x10 obj/usbd_impl.o
 .text.USB_power
                0xc0d04a60       0x58 obj/usbd_impl.o
                0xc0d04a60                USB_power
 .text.USBD_GetCfgDesc_impl
                0xc0d04ab8       0x10 obj/usbd_impl.o
 .text.USBD_GetDeviceQualifierDesc_impl
                0xc0d04ac8       0x10 obj/usbd_impl.o
 .text.USBD_CtlSendData
                0xc0d04ad8       0x2c obj/usbd_ioreq.o
                0xc0d04ad8                USBD_CtlSendData
 .text.USBD_CtlContinueSendData
                0xc0d04b04       0x1c obj/usbd_ioreq.o
                0xc0d04b04                USBD_CtlContinueSendData
 .text.USBD_CtlContinueRx
                0xc0d04b20        0xe obj/usbd_ioreq.o
                0xc0d04b20                USBD_CtlContinueRx
 .text.USBD_CtlSendStatus
                0xc0d04b2e       0x18 obj/usbd_ioreq.o
                0xc0d04b2e                USBD_CtlSendStatus
 .text.USBD_CtlReceiveStatus
                0xc0d04b46       0x16 obj/usbd_ioreq.o
                0xc0d04b46                USBD_CtlReceiveStatus
 .text          0xc0d04b5c      0x114 /opt/bolos/gcc-arm-none-eabi-5_3-2016q1/bin/../lib/gcc/arm-none-eabi/5.3.1/armv6-m/libgcc.a(_udivsi3.o)
                0xc0d04b5c                __udivsi3
                0xc0d04b5c                __aeabi_uidiv
                0xc0d04c68                __aeabi_uidivmod
 .text          0xc0d04c70        0x4 /opt/bolos/gcc-arm-none-eabi-5_3-2016q1/bin/../lib/gcc/arm-none-eabi/5.3.1/armv6-m/libgcc.a(_dvmd_tls.o)
                0xc0d04c70                __aeabi_ldiv0
                0xc0d04c70                __aeabi_idiv0
 .text          0xc0d04c74       0x40 /opt/bolos/gcc-arm-none-eabi-5_3-2016q1/bin/../lib/gcc/arm-none-eabi/5.3.1/armv6-m/libgcc.a(_aeabi_uldivmod.o)
                0xc0d04c74                __aeabi_uldivmod
 .text          0xc0d04cb4      0x180 /opt/bolos/gcc-arm-none-eabi-5_3-2016q1/bin/../lib/gcc/arm-none-eabi/5.3.1/armv6-m/libgcc.a(_udivmoddi4.o)
                0xc0d04cb4                __udivmoddi4
 .text          0xc0d04e34       0x18 /opt/bolos/gcc-arm-none-eabi-5_3-2016q1/bin/../lib/gcc/arm-none-eabi/5.3.1/armv6-m/libgcc.a(_clzdi2.o)
                0xc0d04e34                __clzdi2
 .text          0xc0d04e4c       0x3c /opt/bolos/gcc-arm-none-eabi-5_3-2016q1/bin/../lib/gcc/arm-none-eabi/5.3.1/armv6-m/libgcc.a(_clzsi2.o)
                0xc0d04e4c                __clzsi2
 .text.__aeabi_memclr
                0xc0d04e88        0xc /opt/bolos/gcc-arm-none-eabi-5_3-2016q1/bin/../lib/gcc/arm-none-eabi/5.3.1/../../../../arm-none-eabi/lib/armv6-m/libc.a(lib_a-aeabi_memclr.o)
                0xc0d04e88                __aeabi_memclr8
                0xc0d04e88                __aeabi_memclr
                0xc0d04e88                __aeabi_memclr4
 .text.__aeabi_memset
                0xc0d04e94       0x10 /opt/bolos/gcc-arm-none-eabi-5_3-2016q1/bin/../lib/gcc/arm-none-eabi/5.3.1/../../../../arm-none-eabi/lib/armv6-m/libc.a(lib_a-aeabi_memset.o)
                0xc0d04e94                __aeabi_memset
                0xc0d04e94                __aeabi_memset8
                0xc0d04e94                __aeabi_memset4
 .text.memset   0xc0d04ea4       0x8c /opt/bolos/gcc-arm-none-eabi-5_3-2016q1/bin/../lib/gcc/arm-none-eabi/5.3.1/../../../../arm-none-eabi/lib/armv6-m/libc.a(lib_a-memset.o)
                0xc0d04ea4                memset
 .text          0xc0d04f30       0x34 /opt/bolos/gcc-arm-none-eabi-5_3-2016q1/bin/../lib/gcc/arm-none-eabi/5.3.1/../../../../arm-none-eabi/lib/armv6-m/libc.a(lib_a-setjmp.o)
                0xc0d04f30                setjmp
                0xc0d04f48                longjmp
 .text.strlen   0xc0d04f64       0x68 /opt/bolos/gcc-arm-none-eabi-5_3-2016q1/bin/../lib/gcc/arm-none-eabi/5.3.1/../../../../arm-none-eabi/lib/armv6-m/libc.a(lib_a-strlen-stub.o)
                0xc0d04f64                strlen
 *(.rodata)
 *(.rodata.[^N]*)
 .rodata.str1.1
                0xc0d04fcc       0x21 obj/base32.o
 *fill*         0xc0d04fed        0x3 00
 .rodata.ui_getPublicKey_approve
                0xc0d04ff0       0xe0 obj/getPublicKey.o
 .rodata.str1.1
                0xc0d050d0        0x9 obj/getPublicKey.o
 *fill*         0xc0d050d9        0x3 00
 .rodata.ui_getPublicKey_compare
                0xc0d050dc      0x118 obj/getPublicKey.o
 .rodata.ui_signTx_approve
                0xc0d051f4       0xe0 obj/getTxnSig.o
 .rodata.ui_address_compare
                0xc0d052d4      0x118 obj/getTxnSig.o
 .rodata.str1.1
                0xc0d053ec       0x2c obj/getTxnSig.o
 .rodata.ui_amount_compare_large
                0xc0d05418      0x118 obj/getTxnSig.o
 .rodata.ui_amount_compare
                0xc0d05530      0x118 obj/getTxnSig.o
 .rodata.ui_fromshard_approve
                0xc0d05648      0x118 obj/getTxnSig.o
 .rodata.ui_toshard_approve
                0xc0d05760      0x118 obj/getTxnSig.o
 .rodata.C_icon_back_colors
                0xc0d05878        0x8 obj/glyphs.o
                0xc0d05878                C_icon_back_colors
 .rodata.C_icon_back_bitmap
                0xc0d05880       0x19 obj/glyphs.o
                0xc0d05880                C_icon_back_bitmap
 *fill*         0xc0d05899        0x3 00
 .rodata.C_icon_back
                0xc0d0589c       0x14 obj/glyphs.o
                0xc0d0589c                C_icon_back
 .rodata.C_icon_dashboard_colors
                0xc0d058b0        0x8 obj/glyphs.o
                0xc0d058b0                C_icon_dashboard_colors
 .rodata.C_icon_dashboard_bitmap
                0xc0d058b8       0x19 obj/glyphs.o
                0xc0d058b8                C_icon_dashboard_bitmap
 *fill*         0xc0d058d1        0x3 00
 .rodata.C_icon_dashboard
                0xc0d058d4       0x14 obj/glyphs.o
                0xc0d058d4                C_icon_dashboard
 .rodata.menu_main
                0xc0d058e8       0x70 obj/main.o
 .rodata.str1.1
                0xc0d05958       0x3a obj/main.o
 *fill*         0xc0d05992        0x2 00
 .rodata.menu_about
                0xc0d05994       0x54 obj/main.o
 .rodata.ux_menu_elements
                0xc0d059e8      0x1f8 obj/os_io_seproxyhal.o
                0xc0d059e8                ux_menu_elements
 .rodata.UX_MENU_END_ENTRY
                0xc0d05be0       0x1c obj/os_io_seproxyhal.o
                0xc0d05be0                UX_MENU_END_ENTRY
 .rodata.str1.1
                0xc0d05bfc       0x11 obj/uint256.o
 *fill*         0xc0d05c0d        0x3 00
 .rodata.USBD_HID_Desc
                0xc0d05c10        0x9 obj/usbd_impl.o
                0xc0d05c10                USBD_HID_Desc
 .rodata.HID_ReportDesc
                0xc0d05c19       0x22 obj/usbd_impl.o
 *fill*         0xc0d05c3b        0x1 00
 .rodata.HID_Desc
                0xc0d05c3c       0x20 obj/usbd_impl.o
                0xc0d05c3c                HID_Desc
 .rodata.USBD_HID
                0xc0d05c5c       0x38 obj/usbd_impl.o
 .rodata.USBD_DeviceDesc
                0xc0d05c94       0x12 obj/usbd_impl.o
 .rodata.USBD_LangIDDesc
                0xc0d05ca6        0x4 obj/usbd_impl.o
 .rodata.USBD_MANUFACTURER_STRING
                0xc0d05caa        0xe obj/usbd_impl.o
 .rodata.USBD_PRODUCT_FS_STRING
                0xc0d05cb8        0xe obj/usbd_impl.o
 .rodata.USB_SERIAL_STRING
                0xc0d05cc6        0xa obj/usbd_impl.o
 .rodata.USBD_CfgDesc
                0xc0d05cd0       0x29 obj/usbd_impl.o
 *fill*         0xc0d05cf9        0x3 00
 .rodata.USBD_DeviceQualifierDesc
                0xc0d05cfc        0xa obj/usbd_impl.o
 *(.rodata.N[^_]*)
                0xc0d05d08                . = ALIGN (0x4)
 *fill*         0xc0d05d06        0x2 00
                0xc0d05d08                _etext = .
                0xc0d05d40                . = ALIGN (PAGE_SIZE)
 *fill*         0xc0d05d08       0x38 00
                0xc0d05d40                _nvram_data = .
 *(.bss.N_* .rodata.N_*)
                0xc0d05d40                . = ALIGN (PAGE_SIZE)
                0xc0d05d40                _install_parameters = .
                [!provide]                PROVIDE (N_install_parameters, .)
                0xc0d05d40                _envram = .
                0x00000000                _nvram_data_size = (_envram - _nvram_data)

.glue_7         0xc0d05d40        0x0
 .glue_7        0xc0d05d40        0x0 linker stubs

.glue_7t        0xc0d05d40        0x0
 .glue_7t       0xc0d05d40        0x0 linker stubs

.vfp11_veneer   0xc0d05d40        0x0
 .vfp11_veneer  0xc0d05d40        0x0 linker stubs

.v4_bx          0xc0d05d40        0x0
 .v4_bx         0xc0d05d40        0x0 linker stubs

.iplt           0xc0d05d40        0x0
 .iplt          0xc0d05d40        0x0 obj/base32.o

.data           0xd0000000        0x0
                0xd0000000                . = ALIGN (0x4)
                0xd0000000                _data = .
 *(vtable)
 *(.data*)
                0xd0000000                _edata = .

.igot.plt       0xd0000000        0x0
 .igot.plt      0xd0000000        0x0 obj/base32.o

.bss            0x20001800      0xa70
                0x20001800                _bss = .
 *(.bss*)
 .bss.G_io_seproxyhal_spi_buffer
                0x20001800       0x80 obj/main.o
                0x20001800                G_io_seproxyhal_spi_buffer
 .bss.ux        0x20001880       0xb0 obj/main.o
                0x20001880                ux
 .bss.global    0x20001930      0x434 obj/main.o
                0x20001930                global
 .bss.G_io_usb_hid_sequence_number
                0x20001d64        0x4 obj/os.o
                0x20001d64                G_io_usb_hid_sequence_number
 .bss.G_io_usb_hid_total_length
                0x20001d68        0x4 obj/os.o
                0x20001d68                G_io_usb_hid_total_length
 .bss.G_io_usb_hid_remaining_length
                0x20001d6c        0x4 obj/os.o
                0x20001d6c                G_io_usb_hid_remaining_length
 .bss.G_io_apdu_buffer
                0x20001d70      0x104 obj/os.o
                0x20001d70                G_io_apdu_buffer
 .bss.G_io_usb_hid_current_buffer
                0x20001e74        0x4 obj/os.o
                0x20001e74                G_io_usb_hid_current_buffer
 .bss.G_io_usb_hid_channel
                0x20001e78        0x4 obj/os.o
                0x20001e78                G_io_usb_hid_channel
 .bss.G_io_apdu_media
                0x20001e7c        0x1 obj/os_io_seproxyhal.o
                0x20001e7c                G_io_apdu_media
 .bss.G_io_usb_ep_xfer_len
                0x20001e7d        0x7 obj/os_io_seproxyhal.o
 .bss.G_io_usb_ep_timeouts
                0x20001e84        0xe obj/os_io_seproxyhal.o
                0x20001e84                G_io_usb_ep_timeouts
 .bss.G_io_apdu_state
                0x20001e92        0x1 obj/os_io_seproxyhal.o
                0x20001e92                G_io_apdu_state
 *fill*         0x20001e93        0x1 00
 .bss.G_io_apdu_length
                0x20001e94        0x2 obj/os_io_seproxyhal.o
                0x20001e94                G_io_apdu_length
 *fill*         0x20001e96        0x2 00
 .bss.G_bagl_last_touched_not_released_component
                0x20001e98        0x4 obj/os_io_seproxyhal.o
                0x20001e98                G_bagl_last_touched_not_released_component
 .bss.G_button_mask
                0x20001e9c        0x4 obj/os_io_seproxyhal.o
                0x20001e9c                G_button_mask
 .bss.G_button_same_mask_counter
                0x20001ea0        0x4 obj/os_io_seproxyhal.o
                0x20001ea0                G_button_same_mask_counter
 .bss.ux_menu   0x20001ea4       0x4c obj/os_io_seproxyhal.o
                0x20001ea4                ux_menu
 .bss.G_io_usb_ep_buffer
                0x20001ef0       0x40 obj/os_io_seproxyhal.o
                0x20001ef0                G_io_usb_ep_buffer
 .bss.ep_in_stall
                0x20001f30        0x4 obj/usbd_conf.o
                0x20001f30                ep_in_stall
 .bss.ep_out_stall
                0x20001f34        0x4 obj/usbd_conf.o
                0x20001f34                ep_out_stall
 .bss.USBD_Device
                0x20001f38      0x134 obj/usbd_core.o
                0x20001f38                USBD_Device
                0x2000206c                _ebss = .
                0x2000206c                . = ALIGN (0x4)
                0x2000206c                app_stack_canary = .
                [!provide]                PROVIDE (app_stack_canary, .)
                0x20002070                . = (. + 0x4)
 *fill*         0x2000206c        0x4 00
                0x20002070                _stack_validation = .
                0x20002270                . = (_stack_validation + STACK_SIZE)
 *fill*         0x20002070      0x200 00
                0x20002600                _stack = (ABSOLUTE (END_STACK) - STACK_SIZE)
                [!provide]                PROVIDE (_stack, (ABSOLUTE (END_STACK) - STACK_SIZE))
                0x20002800                _estack = ABSOLUTE (END_STACK)
                [!provide]                PROVIDE (_estack, ABSOLUTE (END_STACK))

DEBUG           0xd0000000        0x8
 libc.a(*)
 libm.a(*)
 libgcc.a(*)
 *(.ARM.exidx* .gnu.linkonce.armexidx.*)
 .ARM.exidx.text.base32_encode
                0xd0000000        0x0 obj/base32.o
                                  0x8 (size before relaxing)
 .ARM.exidx.text.base32_encode_raw
                0xd0000000        0x0 obj/base32.o
                                  0x8 (size before relaxing)
 .ARM.exidx.text.base32_get_char
                0xd0000000        0x0 obj/base32.o
                                  0x8 (size before relaxing)
 .ARM.exidx.text.base32_get_raw
                0xd0000000        0x0 obj/base32.o
                                  0x8 (size before relaxing)
 .ARM.exidx.text.bech32_get_address
                0xd0000000        0x0 obj/bech32.o
                                  0x8 (size before relaxing)
 .ARM.exidx.text.handleGetPublicKey
                0xd0000000        0x0 obj/getPublicKey.o
                                  0x8 (size before relaxing)
 .ARM.exidx.text.ui_getPublicKey_approve_button
                0xd0000000        0x0 obj/getPublicKey.o
                                  0x8 (size before relaxing)
 .ARM.exidx.text.ui_getPublicKey_compare_button
                0xd0000000        0x0 obj/getPublicKey.o
                                  0x8 (size before relaxing)
 .ARM.exidx.text.ui_prepro_getPublicKey_compare
                0xd0000000        0x0 obj/getPublicKey.o
                                  0x8 (size before relaxing)
 .ARM.exidx.text.handleSignTx
                0xd0000000        0x0 obj/getTxnSig.o
                                  0x8 (size before relaxing)
 .ARM.exidx.text.ui_signTx_approve_button
                0xd0000000        0x0 obj/getTxnSig.o
                                  0x8 (size before relaxing)
 .ARM.exidx.text.ui_address_compare_button
                0xd0000000        0x0 obj/getTxnSig.o
                                  0x8 (size before relaxing)
 .ARM.exidx.text.ui_prepro_address_compare
                0xd0000000        0x0 obj/getTxnSig.o
                                  0x8 (size before relaxing)
 .ARM.exidx.text.ui_amount_compare_large_button
                0xd0000000        0x0 obj/getTxnSig.o
                                  0x8 (size before relaxing)
 .ARM.exidx.text.ui_prepro_amount_compare
                0xd0000000        0x0 obj/getTxnSig.o
                                  0x8 (size before relaxing)
 .ARM.exidx.text.ui_amount_compare_button
                0xd0000000        0x0 obj/getTxnSig.o
                                  0x8 (size before relaxing)
 .ARM.exidx.text.ui_fromshard_approve_button
                0xd0000000        0x0 obj/getTxnSig.o
                                  0x8 (size before relaxing)
 .ARM.exidx.text.ui_toshard_approve_button
                0xd0000000        0x0 obj/getTxnSig.o
                                  0x8 (size before relaxing)
 .ARM.exidx.text.handleGetVersion
                0xd0000000        0x0 obj/getVersion.o
                                  0x8 (size before relaxing)
 .ARM.exidx.text.deriveOneKeypair
                0xd0000000        0x0 obj/harmony.o
                                  0x8 (size before relaxing)
 .ARM.exidx.text.convert_signature_to_RSV
                0xd0000000        0x0 obj/harmony.o
                                  0x8 (size before relaxing)
 .ARM.exidx.text.deriveAndSign
                0xd0000000        0x0 obj/harmony.o
                                  0x8 (size before relaxing)
 .ARM.exidx.text.getEthAddressFromKey
                0xd0000000        0x0 obj/harmony.o
                                  0x8 (size before relaxing)
 .ARM.exidx.text.pubkeyToOneAddress
                0xd0000000        0x0 obj/harmony.o
                                  0x8 (size before relaxing)
 .ARM.exidx.text.bin2dec
                0xd0000000        0x0 obj/harmony.o
                                  0x8 (size before relaxing)
 .ARM.exidx.text.ui_idle
                0xd0000000        0x0 obj/main.o
                                  0x8 (size before relaxing)
 .ARM.exidx.text.io_exchange_with_code
                0xd0000000        0x0 obj/main.o
                                  0x8 (size before relaxing)
 .ARM.exidx.text.io_seproxyhal_display
                0xd0000000        0x0 obj/main.o
                                  0x8 (size before relaxing)
 .ARM.exidx.text.io_event
                0xd0000000        0x0 obj/main.o
                                  0x8 (size before relaxing)
 .ARM.exidx.text.io_exchange_al
                0xd0000000        0x0 obj/main.o
                                  0x8 (size before relaxing)
 .ARM.exidx.boot
                0xd0000000        0x8 obj/main.o
 .ARM.exidx.text.one_main
                0xd0000008        0x0 obj/main.o
                                  0x8 (size before relaxing)
 .ARM.exidx.text.app_exit
                0xd0000008        0x0 obj/main.o
                                  0x8 (size before relaxing)
 .ARM.exidx.text.os_boot
                0xd0000008        0x0 obj/os.o
                                  0x8 (size before relaxing)
 .ARM.exidx.text.try_context_set
                0xd0000008        0x0 obj/os.o
                                  0x8 (size before relaxing)
 .ARM.exidx.text.io_usb_hid_receive
                0xd0000008        0x0 obj/os.o
                                  0x8 (size before relaxing)
 .ARM.exidx.text.os_memset
                0xd0000008        0x0 obj/os.o
                                  0x8 (size before relaxing)
 .ARM.exidx.text.os_memmove
                0xd0000008        0x0 obj/os.o
                                  0x8 (size before relaxing)
 .ARM.exidx.text.io_usb_hid_init
                0xd0000008        0x0 obj/os.o
                                  0x8 (size before relaxing)
 .ARM.exidx.text.io_usb_hid_sent
                0xd0000008        0x0 obj/os.o
                                  0x8 (size before relaxing)
 .ARM.exidx.text.io_usb_hid_send
                0xd0000008        0x0 obj/os.o
                                  0x8 (size before relaxing)
 .ARM.exidx.text.os_memcmp
                0xd0000008        0x0 obj/os.o
                                  0x8 (size before relaxing)
 .ARM.exidx.text.os_longjmp
                0xd0000008        0x0 obj/os.o
                                  0x8 (size before relaxing)
 .ARM.exidx.text.try_context_get
                0xd0000008        0x0 obj/os.o
                                  0x8 (size before relaxing)
 .ARM.exidx.text.try_context_get_previous
                0xd0000008        0x0 obj/os.o
                                  0x8 (size before relaxing)
 .ARM.exidx.text.io_seproxyhal_general_status
                0xd0000008        0x0 obj/os_io_seproxyhal.o
                                  0x8 (size before relaxing)
 .ARM.exidx.text.io_seproxyhal_handle_usb_event
                0xd0000008        0x0 obj/os_io_seproxyhal.o
                                  0x8 (size before relaxing)
 .ARM.exidx.text.io_seproxyhal_get_ep_rx_size
                0xd0000008        0x0 obj/os_io_seproxyhal.o
                                  0x8 (size before relaxing)
 .ARM.exidx.text.io_seproxyhal_handle_usb_ep_xfer_event
                0xd0000008        0x0 obj/os_io_seproxyhal.o
                                  0x8 (size before relaxing)
 .ARM.exidx.text.io_usb_send_ep
                0xd0000008        0x0 obj/os_io_seproxyhal.o
                                  0x8 (size before relaxing)
 .ARM.exidx.text.io_usb_send_apdu_data
                0xd0000008        0x0 obj/os_io_seproxyhal.o
                                  0x8 (size before relaxing)
 .ARM.exidx.text.io_seproxyhal_handle_capdu_event
                0xd0000008        0x0 obj/os_io_seproxyhal.o
                                  0x8 (size before relaxing)
 .ARM.exidx.text.io_seproxyhal_handle_event
                0xd0000008        0x0 obj/os_io_seproxyhal.o
                                  0x8 (size before relaxing)
 .ARM.exidx.text.io_seproxyhal_init
                0xd0000008        0x0 obj/os_io_seproxyhal.o
                                  0x8 (size before relaxing)
 .ARM.exidx.text.io_seproxyhal_init_ux
                0xd0000008        0x0 obj/os_io_seproxyhal.o
                                  0x8 (size before relaxing)
 .ARM.exidx.text.io_seproxyhal_init_button
                0xd0000008        0x0 obj/os_io_seproxyhal.o
                                  0x8 (size before relaxing)
 .ARM.exidx.text.io_seproxyhal_touch_out
                0xd0000008        0x0 obj/os_io_seproxyhal.o
                                  0x8 (size before relaxing)
 .ARM.exidx.text.io_seproxyhal_touch_over
                0xd0000008        0x0 obj/os_io_seproxyhal.o
                                  0x8 (size before relaxing)
 .ARM.exidx.text.io_seproxyhal_touch_tap
                0xd0000008        0x0 obj/os_io_seproxyhal.o
                                  0x8 (size before relaxing)
 .ARM.exidx.text.io_seproxyhal_touch_element_callback
                0xd0000008        0x0 obj/os_io_seproxyhal.o
                                  0x8 (size before relaxing)
 .ARM.exidx.text.io_seproxyhal_display_icon
                0xd0000008        0x0 obj/os_io_seproxyhal.o
                                  0x8 (size before relaxing)
 .ARM.exidx.text.io_seproxyhal_display_default
                0xd0000008        0x0 obj/os_io_seproxyhal.o
                                  0x8 (size before relaxing)
 .ARM.exidx.text.io_seproxyhal_button_push
                0xd0000008        0x0 obj/os_io_seproxyhal.o
                                  0x8 (size before relaxing)
 .ARM.exidx.text.os_io_seproxyhal_get_app_name_and_version
                0xd0000008        0x0 obj/os_io_seproxyhal.o
                                  0x8 (size before relaxing)
 .ARM.exidx.text.io_exchange
                0xd0000008        0x0 obj/os_io_seproxyhal.o
                                  0x8 (size before relaxing)
 .ARM.exidx.text.ux_menu_element_preprocessor
                0xd0000008        0x0 obj/os_io_seproxyhal.o
                                  0x8 (size before relaxing)
 .ARM.exidx.text.ux_menu_elements_button
                0xd0000008        0x0 obj/os_io_seproxyhal.o
                                  0x8 (size before relaxing)
 .ARM.exidx.text.ux_menu_display
                0xd0000008        0x0 obj/os_io_seproxyhal.o
                                  0x8 (size before relaxing)
 .ARM.exidx.text.ux_check_status_default
                0xd0000008        0x0 obj/os_io_seproxyhal.o
                                  0x8 (size before relaxing)
 .ARM.exidx.text.pic
                0xd0000008        0x0 obj/pic.o
                                  0x8 (size before relaxing)
 .ARM.exidx.text.pic_internal
                0xd0000008        0x0 obj/pic_internal.o
                                  0x8 (size before relaxing)
 .ARM.exidx.text.rlpCanDecode
                0xd0000008        0x0 obj/rlp.o
                                  0x8 (size before relaxing)
 .ARM.exidx.text.copyTxData
                0xd0000008        0x0 obj/rlp.o
                                  0x8 (size before relaxing)
 .ARM.exidx.text.rlpDecodeLength
                0xd0000008        0x0 obj/rlp.o
                                  0x8 (size before relaxing)
 .ARM.exidx.text.processTx
                0xd0000008        0x0 obj/rlp.o
                                  0x8 (size before relaxing)
 .ARM.exidx.text.SVC_Call
                0xd0000008        0x0 obj/syscalls.o
                                  0x8 (size before relaxing)
 .ARM.exidx.text.check_api_level
                0xd0000008        0x0 obj/syscalls.o
                                  0x8 (size before relaxing)
 .ARM.exidx.text.reset
                0xd0000008        0x0 obj/syscalls.o
                                  0x8 (size before relaxing)
 .ARM.exidx.text.cx_rng
                0xd0000008        0x0 obj/syscalls.o
                                  0x8 (size before relaxing)
 .ARM.exidx.text.cx_hash
                0xd0000008        0x0 obj/syscalls.o
                                  0x8 (size before relaxing)
 .ARM.exidx.text.cx_keccak_init
                0xd0000008        0x0 obj/syscalls.o
                                  0x8 (size before relaxing)
 .ARM.exidx.text.cx_ecfp_init_public_key
                0xd0000008        0x0 obj/syscalls.o
                                  0x8 (size before relaxing)
 .ARM.exidx.text.cx_ecfp_init_private_key
                0xd0000008        0x0 obj/syscalls.o
                                  0x8 (size before relaxing)
 .ARM.exidx.text.cx_ecfp_generate_pair
                0xd0000008        0x0 obj/syscalls.o
                                  0x8 (size before relaxing)
 .ARM.exidx.text.cx_ecdsa_sign
                0xd0000008        0x0 obj/syscalls.o
                                  0x8 (size before relaxing)
 .ARM.exidx.text.os_perso_derive_node_bip32
                0xd0000008        0x0 obj/syscalls.o
                                  0x8 (size before relaxing)
 .ARM.exidx.text.os_sched_exit
                0xd0000008        0x0 obj/syscalls.o
                                  0x8 (size before relaxing)
 .ARM.exidx.text.os_ux
                0xd0000008        0x0 obj/syscalls.o
                                  0x8 (size before relaxing)
 .ARM.exidx.text.os_flags
                0xd0000008        0x0 obj/syscalls.o
                                  0x8 (size before relaxing)
 .ARM.exidx.text.os_registry_get_current_app_tag
                0xd0000008        0x0 obj/syscalls.o
                                  0x8 (size before relaxing)
 .ARM.exidx.text.io_seproxyhal_spi_send
                0xd0000008        0x0 obj/syscalls.o
                                  0x8 (size before relaxing)
 .ARM.exidx.text.io_seproxyhal_spi_is_status_sent
                0xd0000008        0x0 obj/syscalls.o
                                  0x8 (size before relaxing)
 .ARM.exidx.text.io_seproxyhal_spi_recv
                0xd0000008        0x0 obj/syscalls.o
                                  0x8 (size before relaxing)
 .ARM.exidx.text.readUint64BE
                0xd0000008        0x0 obj/uint256.o
                                  0x8 (size before relaxing)
 .ARM.exidx.text.readu256BE
                0xd0000008        0x0 obj/uint256.o
                                  0x8 (size before relaxing)
 .ARM.exidx.text.clear256
                0xd0000008        0x0 obj/uint256.o
                                  0x8 (size before relaxing)
 .ARM.exidx.text.shiftl128
                0xd0000008        0x0 obj/uint256.o
                                  0x8 (size before relaxing)
 .ARM.exidx.text.shiftl256
                0xd0000008        0x0 obj/uint256.o
                                  0x8 (size before relaxing)
 .ARM.exidx.text.shiftr128
                0xd0000008        0x0 obj/uint256.o
                                  0x8 (size before relaxing)
 .ARM.exidx.text.shiftr256
                0xd0000008        0x0 obj/uint256.o
                                  0x8 (size before relaxing)
 .ARM.exidx.text.bits256
                0xd0000008        0x0 obj/uint256.o
                                  0x8 (size before relaxing)
 .ARM.exidx.text.gt256
                0xd0000008        0x0 obj/uint256.o
                                  0x8 (size before relaxing)
 .ARM.exidx.text.gte256
                0xd0000008        0x0 obj/uint256.o
                                  0x8 (size before relaxing)
 .ARM.exidx.text.minus256
                0xd0000008        0x0 obj/uint256.o
                                  0x8 (size before relaxing)
 .ARM.exidx.text.divmod256
                0xd0000008        0x0 obj/uint256.o
                                  0x8 (size before relaxing)
 .ARM.exidx.text.tostring256
                0xd0000008        0x0 obj/uint256.o
                                  0x8 (size before relaxing)
 .ARM.exidx.text.USBD_LL_Init
                0xd0000008        0x0 obj/usbd_conf.o
                                  0x8 (size before relaxing)
 .ARM.exidx.text.USBD_LL_DeInit
                0xd0000008        0x0 obj/usbd_conf.o
                                  0x8 (size before relaxing)
 .ARM.exidx.text.USBD_LL_Start
                0xd0000008        0x0 obj/usbd_conf.o
                                  0x8 (size before relaxing)
 .ARM.exidx.text.USBD_LL_Stop
                0xd0000008        0x0 obj/usbd_conf.o
                                  0x8 (size before relaxing)
 .ARM.exidx.text.USBD_LL_OpenEP
                0xd0000008        0x0 obj/usbd_conf.o
                                  0x8 (size before relaxing)
 .ARM.exidx.text.USBD_LL_CloseEP
                0xd0000008        0x0 obj/usbd_conf.o
                                  0x8 (size before relaxing)
 .ARM.exidx.text.USBD_LL_StallEP
                0xd0000008        0x0 obj/usbd_conf.o
                                  0x8 (size before relaxing)
 .ARM.exidx.text.USBD_LL_ClearStallEP
                0xd0000008        0x0 obj/usbd_conf.o
                                  0x8 (size before relaxing)
 .ARM.exidx.text.USBD_LL_IsStallEP
                0xd0000008        0x0 obj/usbd_conf.o
                                  0x8 (size before relaxing)
 .ARM.exidx.text.USBD_LL_SetUSBAddress
                0xd0000008        0x0 obj/usbd_conf.o
                                  0x8 (size before relaxing)
 .ARM.exidx.text.USBD_LL_Transmit
                0xd0000008        0x0 obj/usbd_conf.o
                                  0x8 (size before relaxing)
 .ARM.exidx.text.USBD_LL_PrepareReceive
                0xd0000008        0x0 obj/usbd_conf.o
                                  0x8 (size before relaxing)
 .ARM.exidx.text.USBD_Init
                0xd0000008        0x0 obj/usbd_core.o
                                  0x8 (size before relaxing)
 .ARM.exidx.text.USBD_DeInit
                0xd0000008        0x0 obj/usbd_core.o
                                  0x8 (size before relaxing)
 .ARM.exidx.text.USBD_RegisterClassForInterface
                0xd0000008        0x0 obj/usbd_core.o
                                  0x8 (size before relaxing)
 .ARM.exidx.text.USBD_Start
                0xd0000008        0x0 obj/usbd_core.o
                                  0x8 (size before relaxing)
 .ARM.exidx.text.USBD_SetClassConfig
                0xd0000008        0x0 obj/usbd_core.o
                                  0x8 (size before relaxing)
 .ARM.exidx.text.USBD_ClrClassConfig
                0xd0000008        0x0 obj/usbd_core.o
                                  0x8 (size before relaxing)
 .ARM.exidx.text.USBD_LL_SetupStage
                0xd0000008        0x0 obj/usbd_core.o
                                  0x8 (size before relaxing)
 .ARM.exidx.text.USBD_LL_DataOutStage
                0xd0000008        0x0 obj/usbd_core.o
                                  0x8 (size before relaxing)
 .ARM.exidx.text.USBD_LL_DataInStage
                0xd0000008        0x0 obj/usbd_core.o
                                  0x8 (size before relaxing)
 .ARM.exidx.text.USBD_LL_Reset
                0xd0000008        0x0 obj/usbd_core.o
                                  0x8 (size before relaxing)
 .ARM.exidx.text.USBD_LL_SetSpeed
                0xd0000008        0x0 obj/usbd_core.o
                                  0x8 (size before relaxing)
 .ARM.exidx.text.USBD_LL_Suspend
                0xd0000008        0x0 obj/usbd_core.o
                                  0x8 (size before relaxing)
 .ARM.exidx.text.USBD_LL_Resume
                0xd0000008        0x0 obj/usbd_core.o
                                  0x8 (size before relaxing)
 .ARM.exidx.text.USBD_LL_SOF
                0xd0000008        0x0 obj/usbd_core.o
                                  0x8 (size before relaxing)
 .ARM.exidx.text.usbd_is_valid_intf
                0xd0000008        0x0 obj/usbd_ctlreq.o
                                  0x8 (size before relaxing)
 .ARM.exidx.text.USBD_StdDevReq
                0xd0000008        0x0 obj/usbd_ctlreq.o
                                  0x8 (size before relaxing)
 .ARM.exidx.text.USBD_GetDescriptor
                0xd0000008        0x0 obj/usbd_ctlreq.o
                                  0x8 (size before relaxing)
 .ARM.exidx.text.USBD_SetAddress
                0xd0000008        0x0 obj/usbd_ctlreq.o
                                  0x8 (size before relaxing)
 .ARM.exidx.text.USBD_SetConfig
                0xd0000008        0x0 obj/usbd_ctlreq.o
                                  0x8 (size before relaxing)
 .ARM.exidx.text.USBD_GetConfig
                0xd0000008        0x0 obj/usbd_ctlreq.o
                                  0x8 (size before relaxing)
 .ARM.exidx.text.USBD_GetStatus
                0xd0000008        0x0 obj/usbd_ctlreq.o
                                  0x8 (size before relaxing)
 .ARM.exidx.text.USBD_SetFeature
                0xd0000008        0x0 obj/usbd_ctlreq.o
                                  0x8 (size before relaxing)
 .ARM.exidx.text.USBD_ClrFeature
                0xd0000008        0x0 obj/usbd_ctlreq.o
                                  0x8 (size before relaxing)
 .ARM.exidx.text.USBD_CtlError
                0xd0000008        0x0 obj/usbd_ctlreq.o
                                  0x8 (size before relaxing)
 .ARM.exidx.text.USBD_StdItfReq
                0xd0000008        0x0 obj/usbd_ctlreq.o
                                  0x8 (size before relaxing)
 .ARM.exidx.text.USBD_StdEPReq
                0xd0000008        0x0 obj/usbd_ctlreq.o
                                  0x8 (size before relaxing)
 .ARM.exidx.text.USBD_ParseSetupRequest
                0xd0000008        0x0 obj/usbd_ctlreq.o
                                  0x8 (size before relaxing)
 .ARM.exidx.text.USBD_HID_Setup
                0xd0000008        0x0 obj/usbd_hid.o
                                  0x8 (size before relaxing)
 .ARM.exidx.text.USBD_HID_Init
                0xd0000008        0x0 obj/usbd_hid.o
                                  0x8 (size before relaxing)
 .ARM.exidx.text.USBD_HID_DeInit
                0xd0000008        0x0 obj/usbd_hid.o
                                  0x8 (size before relaxing)
 .ARM.exidx.text.USBD_HID_GetHidDescriptor_impl
                0xd0000008        0x0 obj/usbd_impl.o
                                  0x8 (size before relaxing)
 .ARM.exidx.text.USBD_HID_GetReportDescriptor_impl
                0xd0000008        0x0 obj/usbd_impl.o
                                  0x8 (size before relaxing)
 .ARM.exidx.text.USBD_HID_DataIn_impl
                0xd0000008        0x0 obj/usbd_impl.o
                                  0x8 (size before relaxing)
 .ARM.exidx.text.USBD_HID_DataOut_impl
                0xd0000008        0x0 obj/usbd_impl.o
                                  0x8 (size before relaxing)
 .ARM.exidx.text.USBD_DeviceDescriptor
                0xd0000008        0x0 obj/usbd_impl.o
                                  0x8 (size before relaxing)
 .ARM.exidx.text.USBD_LangIDStrDescriptor
                0xd0000008        0x0 obj/usbd_impl.o
                                  0x8 (size before relaxing)
 .ARM.exidx.text.USBD_ManufacturerStrDescriptor
                0xd0000008        0x0 obj/usbd_impl.o
                                  0x8 (size before relaxing)
 .ARM.exidx.text.USBD_ProductStrDescriptor
                0xd0000008        0x0 obj/usbd_impl.o
                                  0x8 (size before relaxing)
 .ARM.exidx.text.USBD_SerialStrDescriptor
                0xd0000008        0x0 obj/usbd_impl.o
                                  0x8 (size before relaxing)
 .ARM.exidx.text.USBD_ConfigStrDescriptor
                0xd0000008        0x0 obj/usbd_impl.o
                                  0x8 (size before relaxing)
 .ARM.exidx.text.USBD_InterfaceStrDescriptor
                0xd0000008        0x0 obj/usbd_impl.o
                                  0x8 (size before relaxing)
 .ARM.exidx.text.USB_power
                0xd0000008        0x0 obj/usbd_impl.o
                                  0x8 (size before relaxing)
 .ARM.exidx.text.USBD_GetCfgDesc_impl
                0xd0000008        0x0 obj/usbd_impl.o
                                  0x8 (size before relaxing)
 .ARM.exidx.text.USBD_GetDeviceQualifierDesc_impl
                0xd0000008        0x0 obj/usbd_impl.o
                                  0x8 (size before relaxing)
 .ARM.exidx.text.USBD_CtlSendData
                0xd0000008        0x0 obj/usbd_ioreq.o
                                  0x8 (size before relaxing)
 .ARM.exidx.text.USBD_CtlContinueSendData
                0xd0000008        0x0 obj/usbd_ioreq.o
                                  0x8 (size before relaxing)
 .ARM.exidx.text.USBD_CtlContinueRx
                0xd0000008        0x0 obj/usbd_ioreq.o
                                  0x8 (size before relaxing)
 .ARM.exidx.text.USBD_CtlSendStatus
                0xd0000008        0x0 obj/usbd_ioreq.o
                                  0x8 (size before relaxing)
 .ARM.exidx.text.USBD_CtlReceiveStatus
                0xd0000008        0x0 obj/usbd_ioreq.o
                                  0x8 (size before relaxing)
 .ARM.exidx     0xd0000008        0x0 /opt/bolos/gcc-arm-none-eabi-5_3-2016q1/bin/../lib/gcc/arm-none-eabi/5.3.1/armv6-m/libgcc.a(_udivmoddi4.o)
                                  0x8 (size before relaxing)

.rel.dyn        0xd0000008        0x0
 .rel.iplt      0xd0000008        0x0 obj/base32.o

.stab
 *(.stab)

.stabstr
 *(.stabstr)

.stab.excl
 *(.stab.excl)

.stab.exclstr
 *(.stab.exclstr)

.stab.index
 *(.stab.index)

.stab.indexstr
 *(.stab.indexstr)

.comment        0x00000000       0x2d
 *(.comment)
 .comment       0x00000000       0x2d obj/base32.o
                                 0x2e (size before relaxing)
 .comment       0x0000002d       0x2e obj/bech32.o
 .comment       0x0000002d       0x2e obj/getPublicKey.o
 .comment       0x0000002d       0x2e obj/getTxnSig.o
 .comment       0x0000002d       0x2e obj/getVersion.o
 .comment       0x0000002d       0x2e obj/glyphs.o
 .comment       0x0000002d       0x2e obj/harmony.o
 .comment       0x0000002d       0x2e obj/main.o
 .comment       0x0000002d       0x2e obj/os.o
 .comment       0x0000002d       0x2e obj/os_io_seproxyhal.o
 .comment       0x0000002d       0x2e obj/pic.o
 .comment       0x0000002d       0x2e obj/pic_internal.o
 .comment       0x0000002d       0x2e obj/rlp.o
 .comment       0x0000002d       0x2e obj/syscalls.o
 .comment       0x0000002d       0x2e obj/uint256.o
 .comment       0x0000002d       0x2e obj/usbd_conf.o
 .comment       0x0000002d       0x2e obj/usbd_core.o
 .comment       0x0000002d       0x2e obj/usbd_ctlreq.o
 .comment       0x0000002d       0x2e obj/usbd_hid.o
 .comment       0x0000002d       0x2e obj/usbd_impl.o
 .comment       0x0000002d       0x2e obj/usbd_ioreq.o

.note.GNU-stack
                0x00000000        0x0
 .note.GNU-stack
                0x00000000        0x0 obj/base32.o
 .note.GNU-stack
                0x00000000        0x0 obj/bech32.o
 .note.GNU-stack
                0x00000000        0x0 obj/getPublicKey.o
 .note.GNU-stack
                0x00000000        0x0 obj/getTxnSig.o
 .note.GNU-stack
                0x00000000        0x0 obj/getVersion.o
 .note.GNU-stack
                0x00000000        0x0 obj/glyphs.o
 .note.GNU-stack
                0x00000000        0x0 obj/harmony.o
 .note.GNU-stack
                0x00000000        0x0 obj/main.o
 .note.GNU-stack
                0x00000000        0x0 obj/os.o
 .note.GNU-stack
                0x00000000        0x0 obj/os_io_seproxyhal.o
 .note.GNU-stack
                0x00000000        0x0 obj/pic.o
 .note.GNU-stack
                0x00000000        0x0 obj/pic_internal.o
 .note.GNU-stack
                0x00000000        0x0 obj/rlp.o
 .note.GNU-stack
                0x00000000        0x0 obj/syscalls.o
 .note.GNU-stack
                0x00000000        0x0 obj/uint256.o
 .note.GNU-stack
                0x00000000        0x0 obj/usbd_conf.o
 .note.GNU-stack
                0x00000000        0x0 obj/usbd_core.o
 .note.GNU-stack
                0x00000000        0x0 obj/usbd_ctlreq.o
 .note.GNU-stack
                0x00000000        0x0 obj/usbd_hid.o
 .note.GNU-stack
                0x00000000        0x0 obj/usbd_impl.o
 .note.GNU-stack
                0x00000000        0x0 obj/usbd_ioreq.o

.ARM.attributes
                0x00000000       0x33
 .ARM.attributes
                0x00000000       0x41 obj/base32.o
 .ARM.attributes
                0x00000041       0x41 obj/bech32.o
 .ARM.attributes
                0x00000082       0x41 obj/getPublicKey.o
 .ARM.attributes
                0x000000c3       0x41 obj/getTxnSig.o
 .ARM.attributes
                0x00000104       0x41 obj/getVersion.o
 .ARM.attributes
                0x00000145       0x3f obj/glyphs.o
 .ARM.attributes
                0x00000184       0x41 obj/harmony.o
 .ARM.attributes
                0x000001c5       0x41 obj/main.o
 .ARM.attributes
                0x00000206       0x41 obj/os.o
 .ARM.attributes
                0x00000247       0x41 obj/os_io_seproxyhal.o
 .ARM.attributes
                0x00000288       0x41 obj/pic.o
 .ARM.attributes
                0x000002c9       0x41 obj/pic_internal.o
 .ARM.attributes
                0x0000030a       0x41 obj/rlp.o
 .ARM.attributes
                0x0000034b       0x41 obj/syscalls.o
 .ARM.attributes
                0x0000038c       0x41 obj/uint256.o
 .ARM.attributes
                0x000003cd       0x41 obj/usbd_conf.o
 .ARM.attributes
                0x0000040e       0x41 obj/usbd_core.o
 .ARM.attributes
                0x0000044f       0x41 obj/usbd_ctlreq.o
 .ARM.attributes
                0x00000490       0x41 obj/usbd_hid.o
 .ARM.attributes
                0x000004d1       0x41 obj/usbd_impl.o
 .ARM.attributes
                0x00000512       0x41 obj/usbd_ioreq.o
 .ARM.attributes
                0x00000553       0x1e /opt/bolos/gcc-arm-none-eabi-5_3-2016q1/bin/../lib/gcc/arm-none-eabi/5.3.1/armv6-m/libgcc.a(_udivsi3.o)
 .ARM.attributes
                0x00000571       0x1e /opt/bolos/gcc-arm-none-eabi-5_3-2016q1/bin/../lib/gcc/arm-none-eabi/5.3.1/armv6-m/libgcc.a(_dvmd_tls.o)
 .ARM.attributes
                0x0000058f       0x1e /opt/bolos/gcc-arm-none-eabi-5_3-2016q1/bin/../lib/gcc/arm-none-eabi/5.3.1/armv6-m/libgcc.a(_aeabi_uldivmod.o)
 .ARM.attributes
                0x000005ad       0x2c /opt/bolos/gcc-arm-none-eabi-5_3-2016q1/bin/../lib/gcc/arm-none-eabi/5.3.1/armv6-m/libgcc.a(_udivmoddi4.o)
 .ARM.attributes
                0x000005d9       0x1e /opt/bolos/gcc-arm-none-eabi-5_3-2016q1/bin/../lib/gcc/arm-none-eabi/5.3.1/armv6-m/libgcc.a(_clzdi2.o)
 .ARM.attributes
                0x000005f7       0x1e /opt/bolos/gcc-arm-none-eabi-5_3-2016q1/bin/../lib/gcc/arm-none-eabi/5.3.1/armv6-m/libgcc.a(_clzsi2.o)
 .ARM.attributes
                0x00000615       0x2c /opt/bolos/gcc-arm-none-eabi-5_3-2016q1/bin/../lib/gcc/arm-none-eabi/5.3.1/../../../../arm-none-eabi/lib/armv6-m/libc.a(lib_a-aeabi_memclr.o)
 .ARM.attributes
                0x00000641       0x2c /opt/bolos/gcc-arm-none-eabi-5_3-2016q1/bin/../lib/gcc/arm-none-eabi/5.3.1/../../../../arm-none-eabi/lib/armv6-m/libc.a(lib_a-aeabi_memset.o)
 .ARM.attributes
                0x0000066d       0x2c /opt/bolos/gcc-arm-none-eabi-5_3-2016q1/bin/../lib/gcc/arm-none-eabi/5.3.1/../../../../arm-none-eabi/lib/armv6-m/libc.a(lib_a-memset.o)
 .ARM.attributes
                0x00000699       0x1c /opt/bolos/gcc-arm-none-eabi-5_3-2016q1/bin/../lib/gcc/arm-none-eabi/5.3.1/../../../../arm-none-eabi/lib/armv6-m/libc.a(lib_a-setjmp.o)
 .ARM.attributes
                0x000006b5       0x2c /opt/bolos/gcc-arm-none-eabi-5_3-2016q1/bin/../lib/gcc/arm-none-eabi/5.3.1/../../../../arm-none-eabi/lib/armv6-m/libc.a(lib_a-strlen-stub.o)

.debug
 *(.debug)

.line
 *(.line)

.debug_srcinfo
 *(.debug_srcinfo)

.debug_sfnames
 *(.debug_sfnames)

.debug_aranges
 *(.debug_aranges)

.debug_pubnames
                0x00000000     0x232d
 *(.debug_pubnames)
 .debug_pubnames
                0x00000000       0x71 obj/base32.o
 .debug_pubnames
                0x00000071       0x41 obj/bech32.o
 .debug_pubnames
                0x000000b2       0xd2 obj/getPublicKey.o
 .debug_pubnames
                0x00000184      0x1c6 obj/getTxnSig.o
 .debug_pubnames
                0x0000034a       0x27 obj/getVersion.o
 .debug_pubnames
                0x00000371       0x9d obj/glyphs.o
 .debug_pubnames
                0x0000040e       0xbd obj/harmony.o
 .debug_pubnames
                0x000004cb       0xf5 obj/main.o
 .debug_pubnames
                0x000005c0      0x1d3 obj/os.o
 .debug_pubnames
                0x00000793      0x684 obj/os_io_seproxyhal.o
 .debug_pubnames
                0x00000e17       0x1a obj/pic.o
 .debug_pubnames
                0x00000e31       0x23 obj/pic_internal.o
 .debug_pubnames
                0x00000e54       0xf6 obj/rlp.o
 .debug_pubnames
                0x00000f4a      0xa11 obj/syscalls.o
 .debug_pubnames
                0x0000195b      0x1d5 obj/uint256.o
 .debug_pubnames
                0x00001b30      0x142 obj/usbd_conf.o
 .debug_pubnames
                0x00001c72      0x1f0 obj/usbd_core.o
 .debug_pubnames
                0x00001e62      0x14f obj/usbd_ctlreq.o
 .debug_pubnames
                0x00001fb1       0x4b obj/usbd_hid.o
 .debug_pubnames
                0x00001ffc      0x28f obj/usbd_impl.o
 .debug_pubnames
                0x0000228b       0xa2 obj/usbd_ioreq.o

.debug_info     0x00000000     0xf2b7
 *(.debug_info .gnu.linkonce.wi.*)
 .debug_info    0x00000000      0x1d2 obj/base32.o
 .debug_info    0x000001d2      0x20b obj/bech32.o
 .debug_info    0x000003dd      0x669 obj/getPublicKey.o
 .debug_info    0x00000a46      0xc57 obj/getTxnSig.o
 .debug_info    0x0000169d       0xcf obj/getVersion.o
 .debug_info    0x0000176c      0x132 obj/glyphs.o
 .debug_info    0x0000189e      0x633 obj/harmony.o
 .debug_info    0x00001ed1     0x144c obj/main.o
 .debug_info    0x0000331d      0x74c obj/os.o
 .debug_info    0x00003a69     0x198c obj/os_io_seproxyhal.o
 .debug_info    0x000053f5       0x55 obj/pic.o
 .debug_info    0x0000544a       0x45 obj/pic_internal.o
 .debug_info    0x0000548f      0x6dd obj/rlp.o
 .debug_info    0x00005b6c     0x47fc obj/syscalls.o
 .debug_info    0x0000a368     0x1858 obj/uint256.o
 .debug_info    0x0000bbc0      0x96f obj/usbd_conf.o
 .debug_info    0x0000c52f      0xb03 obj/usbd_core.o
 .debug_info    0x0000d032      0xaba obj/usbd_ctlreq.o
 .debug_info    0x0000daec      0x686 obj/usbd_hid.o
 .debug_info    0x0000e172      0xa21 obj/usbd_impl.o
 .debug_info    0x0000eb93      0x724 obj/usbd_ioreq.o

.debug_abbrev   0x00000000     0x1e8b
 *(.debug_abbrev)
 .debug_abbrev  0x00000000       0xd0 obj/base32.o
 .debug_abbrev  0x000000d0       0xe5 obj/bech32.o
 .debug_abbrev  0x000001b5      0x14c obj/getPublicKey.o
 .debug_abbrev  0x00000301      0x208 obj/getTxnSig.o
 .debug_abbrev  0x00000509       0x5e obj/getVersion.o
 .debug_abbrev  0x00000567       0x7e obj/glyphs.o
 .debug_abbrev  0x000005e5      0x157 obj/harmony.o
 .debug_abbrev  0x0000073c      0x287 obj/main.o
 .debug_abbrev  0x000009c3      0x29a obj/os.o
 .debug_abbrev  0x00000c5d      0x2c7 obj/os_io_seproxyhal.o
 .debug_abbrev  0x00000f24       0x45 obj/pic.o
 .debug_abbrev  0x00000f69       0x36 obj/pic_internal.o
 .debug_abbrev  0x00000f9f      0x1bc obj/rlp.o
 .debug_abbrev  0x0000115b      0x1ab obj/syscalls.o
 .debug_abbrev  0x00001306      0x28b obj/uint256.o
 .debug_abbrev  0x00001591      0x15c obj/usbd_conf.o
 .debug_abbrev  0x000016ed      0x1ee obj/usbd_core.o
 .debug_abbrev  0x000018db      0x207 obj/usbd_ctlreq.o
 .debug_abbrev  0x00001ae2      0x107 obj/usbd_hid.o
 .debug_abbrev  0x00001be9      0x1aa obj/usbd_impl.o
 .debug_abbrev  0x00001d93       0xf8 obj/usbd_ioreq.o

.debug_line     0x00000000     0x78fd
 *(.debug_line)
 .debug_line    0x00000000      0x17a obj/base32.o
 .debug_line    0x0000017a      0x259 obj/bech32.o
 .debug_line    0x000003d3      0x23c obj/getPublicKey.o
 .debug_line    0x0000060f      0x522 obj/getTxnSig.o
 .debug_line    0x00000b31       0x69 obj/getVersion.o
 .debug_line    0x00000b9a       0x67 obj/glyphs.o
 .debug_line    0x00000c01      0x276 obj/harmony.o
 .debug_line    0x00000e77      0x548 obj/main.o
 .debug_line    0x000013bf      0x60d obj/os.o
 .debug_line    0x000019cc     0x1087 obj/os_io_seproxyhal.o
 .debug_line    0x00002a53       0x6d obj/pic.o
 .debug_line    0x00002ac0       0x67 obj/pic_internal.o
 .debug_line    0x00002b27      0x4f5 obj/rlp.o
 .debug_line    0x0000301c     0x1e53 obj/syscalls.o
 .debug_line    0x00004e6f     0x14af obj/uint256.o
 .debug_line    0x0000631e      0x2bf obj/usbd_conf.o
 .debug_line    0x000065dd      0x56a obj/usbd_core.o
 .debug_line    0x00006b47      0x6b8 obj/usbd_ctlreq.o
 .debug_line    0x000071ff      0x1e2 obj/usbd_hid.o
 .debug_line    0x000073e1      0x333 obj/usbd_impl.o
 .debug_line    0x00007714      0x1e9 obj/usbd_ioreq.o

.debug_frame    0x00000000     0x23e4
 *(.debug_frame)
 .debug_frame   0x00000000       0x70 obj/base32.o
 .debug_frame   0x00000070       0x30 obj/bech32.o
 .debug_frame   0x000000a0       0x78 obj/getPublicKey.o
 .debug_frame   0x00000118      0x104 obj/getTxnSig.o
 .debug_frame   0x0000021c       0x28 obj/getVersion.o
 .debug_frame   0x00000244      0x110 obj/harmony.o
 .debug_frame   0x00000354       0xf0 obj/main.o
 .debug_frame   0x00000444      0x180 obj/os.o
 .debug_frame   0x000005c4      0x4a4 obj/os_io_seproxyhal.o
 .debug_frame   0x00000a68       0x28 obj/pic.o
 .debug_frame   0x00000a90       0x20 obj/pic_internal.o
 .debug_frame   0x00000ab0       0x98 obj/rlp.o
 .debug_frame   0x00000b48      0xcd0 obj/syscalls.o
 .debug_frame   0x00001818      0x3b4 obj/uint256.o
 .debug_frame   0x00001bcc      0x168 obj/usbd_conf.o
 .debug_frame   0x00001d34      0x1f0 obj/usbd_core.o
 .debug_frame   0x00001f24      0x1a0 obj/usbd_ctlreq.o
 .debug_frame   0x000020c4       0x68 obj/usbd_hid.o
 .debug_frame   0x0000212c      0x110 obj/usbd_impl.o
 .debug_frame   0x0000223c       0xa8 obj/usbd_ioreq.o
 .debug_frame   0x000022e4       0x20 /opt/bolos/gcc-arm-none-eabi-5_3-2016q1/bin/../lib/gcc/arm-none-eabi/5.3.1/armv6-m/libgcc.a(_udivsi3.o)
 .debug_frame   0x00002304       0x3c /opt/bolos/gcc-arm-none-eabi-5_3-2016q1/bin/../lib/gcc/arm-none-eabi/5.3.1/armv6-m/libgcc.a(_udivmoddi4.o)
 .debug_frame   0x00002340       0x28 /opt/bolos/gcc-arm-none-eabi-5_3-2016q1/bin/../lib/gcc/arm-none-eabi/5.3.1/../../../../arm-none-eabi/lib/armv6-m/libc.a(lib_a-aeabi_memclr.o)
 .debug_frame   0x00002368       0x28 /opt/bolos/gcc-arm-none-eabi-5_3-2016q1/bin/../lib/gcc/arm-none-eabi/5.3.1/../../../../arm-none-eabi/lib/armv6-m/libc.a(lib_a-aeabi_memset.o)
 .debug_frame   0x00002390       0x2c /opt/bolos/gcc-arm-none-eabi-5_3-2016q1/bin/../lib/gcc/arm-none-eabi/5.3.1/../../../../arm-none-eabi/lib/armv6-m/libc.a(lib_a-memset.o)
 .debug_frame   0x000023bc       0x28 /opt/bolos/gcc-arm-none-eabi-5_3-2016q1/bin/../lib/gcc/arm-none-eabi/5.3.1/../../../../arm-none-eabi/lib/armv6-m/libc.a(lib_a-strlen-stub.o)

.debug_str      0x00000000     0x420e
 *(.debug_str)
 .debug_str     0x00000000       0xbc obj/base32.o
                                 0xe6 (size before relaxing)
 .debug_str     0x000000bc       0x5a obj/bech32.o
                                 0xe3 (size before relaxing)
 .debug_str     0x00000116      0x84e obj/getPublicKey.o
                                0x926 (size before relaxing)
 .debug_str     0x00000964      0x507 obj/getTxnSig.o
                                0xb0f (size before relaxing)
 .debug_str     0x00000e6b       0x22 obj/getVersion.o
                                 0xbb (size before relaxing)
 .debug_str     0x00000e8d       0xac obj/glyphs.o
                                0x124 (size before relaxing)
 .debug_str     0x00000f39      0x172 obj/harmony.o
                                0x59d (size before relaxing)
 .debug_str     0x000010ab      0x4e9 obj/main.o
                                0xffe (size before relaxing)
 .debug_str     0x00001594      0x368 obj/os.o
                                0x44b (size before relaxing)
 .debug_str     0x000018fc      0xaa3 obj/os_io_seproxyhal.o
                               0x170c (size before relaxing)
 .debug_str     0x0000239f       0x37 obj/pic.o
                                 0x7d (size before relaxing)
 .debug_str     0x000023d6       0x3c obj/pic_internal.o
                                 0x82 (size before relaxing)
 .debug_str     0x00002412      0x10e obj/rlp.o
                                0x360 (size before relaxing)
 .debug_str     0x00002520      0xd7e obj/syscalls.o
                               0x1877 (size before relaxing)
 .debug_str     0x0000329e      0x226 obj/uint256.o
                                0x335 (size before relaxing)
 .debug_str     0x000034c4      0x63e obj/usbd_conf.o
                                0x767 (size before relaxing)
 .debug_str     0x00003b02      0x20c obj/usbd_core.o
                                0x82d (size before relaxing)
 .debug_str     0x00003d0e      0x15b obj/usbd_ctlreq.o
                                0x7b0 (size before relaxing)
 .debug_str     0x00003e69       0x89 obj/usbd_hid.o
                                0x69a (size before relaxing)
 .debug_str     0x00003ef2      0x24f obj/usbd_impl.o
                                0x9c8 (size before relaxing)
 .debug_str     0x00004141       0xcd obj/usbd_ioreq.o
                                0x6e6 (size before relaxing)

.debug_loc      0x00000000     0x808f
 *(.debug_loc)
 .debug_loc     0x00000000      0x188 obj/base32.o
 .debug_loc     0x00000188      0x2d2 obj/bech32.o
 .debug_loc     0x0000045a      0x1bf obj/getPublicKey.o
 .debug_loc     0x00000619      0x3f1 obj/getTxnSig.o
 .debug_loc     0x00000a0a       0x74 obj/getVersion.o
 .debug_loc     0x00000a7e        0x0 obj/glyphs.o
 .debug_loc     0x00000a7e      0x2db obj/harmony.o
 .debug_loc     0x00000d59      0x3ec obj/main.o
 .debug_loc     0x00001145      0x515 obj/os.o
 .debug_loc     0x0000165a      0xb27 obj/os_io_seproxyhal.o
 .debug_loc     0x00002181       0x13 obj/pic.o
 .debug_loc     0x00002194        0x0 obj/pic_internal.o
 .debug_loc     0x00002194      0x30f obj/rlp.o
 .debug_loc     0x000024a3     0x3c64 obj/syscalls.o
 .debug_loc     0x00006107     0x120a obj/uint256.o
 .debug_loc     0x00007311      0x212 obj/usbd_conf.o
 .debug_loc     0x00007523      0x2e1 obj/usbd_core.o
 .debug_loc     0x00007804      0x4f9 obj/usbd_ctlreq.o
 .debug_loc     0x00007cfd      0x113 obj/usbd_hid.o
 .debug_loc     0x00007e10      0x154 obj/usbd_impl.o
 .debug_loc     0x00007f64      0x12b obj/usbd_ioreq.o

.debug_macinfo  0x00000000       0x15
 *(.debug_macinfo)
 .debug_macinfo
                0x00000000        0x1 obj/base32.o
 .debug_macinfo
                0x00000001        0x1 obj/bech32.o
 .debug_macinfo
                0x00000002        0x1 obj/getPublicKey.o
 .debug_macinfo
                0x00000003        0x1 obj/getTxnSig.o
 .debug_macinfo
                0x00000004        0x1 obj/getVersion.o
 .debug_macinfo
                0x00000005        0x1 obj/glyphs.o
 .debug_macinfo
                0x00000006        0x1 obj/harmony.o
 .debug_macinfo
                0x00000007        0x1 obj/main.o
 .debug_macinfo
                0x00000008        0x1 obj/os.o
 .debug_macinfo
                0x00000009        0x1 obj/os_io_seproxyhal.o
 .debug_macinfo
                0x0000000a        0x1 obj/pic.o
 .debug_macinfo
                0x0000000b        0x1 obj/pic_internal.o
 .debug_macinfo
                0x0000000c        0x1 obj/rlp.o
 .debug_macinfo
                0x0000000d        0x1 obj/syscalls.o
 .debug_macinfo
                0x0000000e        0x1 obj/uint256.o
 .debug_macinfo
                0x0000000f        0x1 obj/usbd_conf.o
 .debug_macinfo
                0x00000010        0x1 obj/usbd_core.o
 .debug_macinfo
                0x00000011        0x1 obj/usbd_ctlreq.o
 .debug_macinfo
                0x00000012        0x1 obj/usbd_hid.o
 .debug_macinfo
                0x00000013        0x1 obj/usbd_impl.o
 .debug_macinfo
                0x00000014        0x1 obj/usbd_ioreq.o

.debug_weaknames
 *(.debug_weaknames)

.debug_funcnames
 *(.debug_funcnames)

.debug_typenames
 *(.debug_typenames)

.debug_varnames
 *(.debug_varnames)
OUTPUT(bin/app.elf elf32-littlearm)

.debug_ranges   0x00000000     0x1120
 .debug_ranges  0x00000000       0x28 obj/base32.o
 .debug_ranges  0x00000028       0x50 obj/bech32.o
 .debug_ranges  0x00000078       0x28 obj/getPublicKey.o
 .debug_ranges  0x000000a0       0x50 obj/getTxnSig.o
 .debug_ranges  0x000000f0        0x0 obj/getVersion.o
 .debug_ranges  0x000000f0        0x0 obj/glyphs.o
 .debug_ranges  0x000000f0       0x48 obj/harmony.o
 .debug_ranges  0x00000138       0xb0 obj/main.o
 .debug_ranges  0x000001e8       0xa0 obj/os.o
 .debug_ranges  0x00000288      0x200 obj/os_io_seproxyhal.o
 .debug_ranges  0x00000488        0x0 obj/pic.o
 .debug_ranges  0x00000488        0x0 obj/pic_internal.o
 .debug_ranges  0x00000488       0x60 obj/rlp.o
 .debug_ranges  0x000004e8      0x3b0 obj/syscalls.o
 .debug_ranges  0x00000898      0x610 obj/uint256.o
 .debug_ranges  0x00000ea8       0x70 obj/usbd_conf.o
 .debug_ranges  0x00000f18       0xb0 obj/usbd_core.o
 .debug_ranges  0x00000fc8       0x88 obj/usbd_ctlreq.o
 .debug_ranges  0x00001050       0x20 obj/usbd_hid.o
 .debug_ranges  0x00001070       0x78 obj/usbd_impl.o
 .debug_ranges  0x000010e8       0x38 obj/usbd_ioreq.o

.debug_pubtypes
                0x00000000     0x281a
 .debug_pubtypes
                0x00000000       0x51 obj/base32.o
 .debug_pubtypes
                0x00000051       0x6a obj/bech32.o
 .debug_pubtypes
                0x000000bb      0x191 obj/getPublicKey.o
 .debug_pubtypes
                0x0000024c      0x231 obj/getTxnSig.o
 .debug_pubtypes
                0x0000047d       0x61 obj/getVersion.o
 .debug_pubtypes
                0x000004de       0x65 obj/glyphs.o
 .debug_pubtypes
                0x00000543      0x17b obj/harmony.o
 .debug_pubtypes
                0x000006be      0x382 obj/main.o
 .debug_pubtypes
                0x00000a40       0xdf obj/os.o
 .debug_pubtypes
                0x00000b1f      0x33c obj/os_io_seproxyhal.o
 .debug_pubtypes
                0x00000e5b       0x23 obj/pic.o
 .debug_pubtypes
                0x00000e7e       0x23 obj/pic_internal.o
 .debug_pubtypes
                0x00000ea1       0xa0 obj/rlp.o
 .debug_pubtypes
                0x00000f41      0x450 obj/syscalls.o
 .debug_pubtypes
                0x00001391       0xad obj/uint256.o
 .debug_pubtypes
                0x0000143e      0x357 obj/usbd_conf.o
 .debug_pubtypes
                0x00001795      0x357 obj/usbd_core.o
 .debug_pubtypes
                0x00001aec      0x357 obj/usbd_ctlreq.o
 .debug_pubtypes
                0x00001e43      0x340 obj/usbd_hid.o
 .debug_pubtypes
                0x00002183      0x340 obj/usbd_impl.o
 .debug_pubtypes
                0x000024c3      0x357 obj/usbd_ioreq.o

Cross Reference Table

Symbol                                            File
C_icon_back                                       obj/glyphs.o
                                                  obj/main.o
C_icon_back_bitmap                                obj/glyphs.o
C_icon_back_colors                                obj/glyphs.o
C_icon_dashboard                                  obj/glyphs.o
                                                  obj/main.o
C_icon_dashboard_bitmap                           obj/glyphs.o
C_icon_dashboard_colors                           obj/glyphs.o
G_bagl_last_touched_not_released_component        obj/os_io_seproxyhal.o
G_button_mask                                     obj/os_io_seproxyhal.o
G_button_same_mask_counter                        obj/os_io_seproxyhal.o
G_io_apdu_buffer                                  obj/os.o
                                                  obj/os_io_seproxyhal.o
                                                  obj/main.o
                                                  obj/getVersion.o
                                                  obj/getTxnSig.o
                                                  obj/getPublicKey.o
G_io_apdu_length                                  obj/os_io_seproxyhal.o
                                                  obj/usbd_impl.o
G_io_apdu_media                                   obj/os_io_seproxyhal.o
                                                  obj/usbd_impl.o
                                                  obj/main.o
G_io_apdu_state                                   obj/os_io_seproxyhal.o
                                                  obj/usbd_impl.o
                                                  obj/os.o
G_io_seproxyhal_spi_buffer                        obj/main.o
                                                  obj/usbd_conf.o
                                                  obj/os_io_seproxyhal.o
G_io_usb_ep_buffer                                obj/os_io_seproxyhal.o
                                                  obj/os.o
G_io_usb_ep_timeouts                              obj/os_io_seproxyhal.o
G_io_usb_hid_channel                              obj/os.o
G_io_usb_hid_current_buffer                       obj/os.o
G_io_usb_hid_remaining_length                     obj/os.o
G_io_usb_hid_sequence_number                      obj/os.o
G_io_usb_hid_total_length                         obj/os.o
                                                  obj/usbd_impl.o
HID_Desc                                          obj/usbd_impl.o
SVC_Call                                          obj/syscalls.o
USBD_ClrClassConfig                               obj/usbd_core.o
                                                  obj/usbd_ctlreq.o
USBD_ClrFeature                                   obj/usbd_ctlreq.o
USBD_CtlContinueRx                                obj/usbd_ioreq.o
                                                  obj/usbd_core.o
USBD_CtlContinueSendData                          obj/usbd_ioreq.o
                                                  obj/usbd_core.o
USBD_CtlError                                     obj/usbd_ctlreq.o
                                                  obj/usbd_hid.o
USBD_CtlPrepareRx                                 obj/usbd_ioreq.o
USBD_CtlReceiveStatus                             obj/usbd_ioreq.o
                                                  obj/usbd_ctlreq.o
                                                  obj/usbd_core.o
USBD_CtlSendData                                  obj/usbd_ioreq.o
                                                  obj/usbd_hid.o
                                                  obj/usbd_ctlreq.o
USBD_CtlSendStatus                                obj/usbd_ioreq.o
                                                  obj/usbd_hid.o
                                                  obj/usbd_ctlreq.o
                                                  obj/usbd_core.o
USBD_CtlStall                                     obj/usbd_ctlreq.o
USBD_DeInit                                       obj/usbd_core.o
                                                  obj/usbd_impl.o
USBD_Device                                       obj/usbd_core.o
                                                  obj/usbd_impl.o
                                                  obj/os_io_seproxyhal.o
USBD_GetConfig                                    obj/usbd_ctlreq.o
USBD_GetDescriptor                                obj/usbd_ctlreq.o
USBD_GetLen                                       obj/usbd_ctlreq.o
USBD_GetStatus                                    obj/usbd_ctlreq.o
USBD_GetString                                    obj/usbd_ctlreq.o
USBD_HID_DataIn_impl                              obj/usbd_impl.o
USBD_HID_DataOut_impl                             obj/usbd_impl.o
USBD_HID_DeInit                                   obj/usbd_hid.o
                                                  obj/usbd_impl.o
USBD_HID_Desc                                     obj/usbd_impl.o
USBD_HID_GetHidDescriptor_impl                    obj/usbd_impl.o
                                                  obj/usbd_hid.o
USBD_HID_GetReportDescriptor_impl                 obj/usbd_impl.o
                                                  obj/usbd_hid.o
USBD_HID_Init                                     obj/usbd_hid.o
                                                  obj/usbd_impl.o
USBD_HID_Setup                                    obj/usbd_hid.o
                                                  obj/usbd_impl.o
USBD_Init                                         obj/usbd_core.o
                                                  obj/usbd_impl.o
USBD_LL_ClearStallEP                              obj/usbd_conf.o
                                                  obj/usbd_ctlreq.o
USBD_LL_CloseEP                                   obj/usbd_conf.o
                                                  obj/usbd_hid.o
USBD_LL_DataInStage                               obj/usbd_core.o
                                                  obj/os_io_seproxyhal.o
USBD_LL_DataOutStage                              obj/usbd_core.o
                                                  obj/os_io_seproxyhal.o
USBD_LL_DeInit                                    obj/usbd_conf.o
                                                  obj/usbd_core.o
USBD_LL_DevConnected                              obj/usbd_core.o
USBD_LL_DevDisconnected                           obj/usbd_core.o
USBD_LL_FlushEP                                   obj/usbd_conf.o
USBD_LL_Init                                      obj/usbd_conf.o
                                                  obj/usbd_core.o
USBD_LL_IsStallEP                                 obj/usbd_conf.o
                                                  obj/usbd_ctlreq.o
USBD_LL_IsoINIncomplete                           obj/usbd_core.o
USBD_LL_IsoOUTIncomplete                          obj/usbd_core.o
USBD_LL_OpenEP                                    obj/usbd_conf.o
                                                  obj/usbd_hid.o
USBD_LL_PrepareReceive                            obj/usbd_conf.o
                                                  obj/usbd_ioreq.o
                                                  obj/usbd_impl.o
                                                  obj/usbd_hid.o
USBD_LL_Reset                                     obj/usbd_core.o
                                                  obj/os_io_seproxyhal.o
USBD_LL_Resume                                    obj/usbd_core.o
                                                  obj/os_io_seproxyhal.o
USBD_LL_SOF                                       obj/usbd_core.o
                                                  obj/os_io_seproxyhal.o
USBD_LL_SetSpeed                                  obj/usbd_core.o
                                                  obj/os_io_seproxyhal.o
USBD_LL_SetUSBAddress                             obj/usbd_conf.o
                                                  obj/usbd_ctlreq.o
USBD_LL_SetupStage                                obj/usbd_core.o
                                                  obj/os_io_seproxyhal.o
USBD_LL_StallEP                                   obj/usbd_conf.o
                                                  obj/usbd_ctlreq.o
                                                  obj/usbd_core.o
USBD_LL_Start                                     obj/usbd_conf.o
                                                  obj/usbd_core.o
USBD_LL_Stop                                      obj/usbd_conf.o
                                                  obj/usbd_core.o
USBD_LL_Suspend                                   obj/usbd_core.o
                                                  obj/os_io_seproxyhal.o
USBD_LL_Transmit                                  obj/usbd_conf.o
                                                  obj/usbd_ioreq.o
USBD_ParseSetupRequest                            obj/usbd_ctlreq.o
                                                  obj/usbd_core.o
USBD_RegisterClass                                obj/usbd_core.o
USBD_RegisterClassForInterface                    obj/usbd_core.o
                                                  obj/usbd_impl.o
USBD_RunTestMode                                  obj/usbd_core.o
USBD_SetAddress                                   obj/usbd_ctlreq.o
USBD_SetClassConfig                               obj/usbd_core.o
                                                  obj/usbd_ctlreq.o
USBD_SetConfig                                    obj/usbd_ctlreq.o
USBD_SetFeature                                   obj/usbd_ctlreq.o
USBD_Start                                        obj/usbd_core.o
                                                  obj/usbd_impl.o
USBD_StdDevReq                                    obj/usbd_ctlreq.o
                                                  obj/usbd_core.o
USBD_StdEPReq                                     obj/usbd_ctlreq.o
                                                  obj/usbd_core.o
USBD_StdItfReq                                    obj/usbd_ctlreq.o
                                                  obj/usbd_core.o
USBD_Stop                                         obj/usbd_core.o
USB_power                                         obj/usbd_impl.o
                                                  obj/main.o
UX_MENU_END_ENTRY                                 obj/os_io_seproxyhal.o
__aeabi_idiv0                                     /opt/bolos/gcc-arm-none-eabi-5_3-2016q1/bin/../lib/gcc/arm-none-eabi/5.3.1/armv6-m/libgcc.a(_dvmd_tls.o)
                                                  /opt/bolos/gcc-arm-none-eabi-5_3-2016q1/bin/../lib/gcc/arm-none-eabi/5.3.1/armv6-m/libgcc.a(_udivsi3.o)
__aeabi_ldiv0                                     /opt/bolos/gcc-arm-none-eabi-5_3-2016q1/bin/../lib/gcc/arm-none-eabi/5.3.1/armv6-m/libgcc.a(_dvmd_tls.o)
                                                  /opt/bolos/gcc-arm-none-eabi-5_3-2016q1/bin/../lib/gcc/arm-none-eabi/5.3.1/armv6-m/libgcc.a(_aeabi_uldivmod.o)
__aeabi_lmul                                      /opt/bolos/gcc-arm-none-eabi-5_3-2016q1/bin/../lib/gcc/arm-none-eabi/5.3.1/armv6-m/libgcc.a(_muldi3.o)
                                                  obj/uint256.o
__aeabi_memclr                                    /opt/bolos/gcc-arm-none-eabi-5_3-2016q1/bin/../lib/gcc/arm-none-eabi/5.3.1/../../../../arm-none-eabi/lib/armv6-m/libc.a(lib_a-aeabi_memclr.o)
                                                  obj/os.o
__aeabi_memclr4                                   /opt/bolos/gcc-arm-none-eabi-5_3-2016q1/bin/../lib/gcc/arm-none-eabi/5.3.1/../../../../arm-none-eabi/lib/armv6-m/libc.a(lib_a-aeabi_memclr.o)